Archive member included because of file (symbol)

d:/altera13.1/nios2eds/bin/gnu/h-i686-mingw32/bin/../lib/gcc/nios2-elf/4.7.3\libgcc.a(_mul_df.o)
                              obj/default/main.o (__muldf3)
d:/altera13.1/nios2eds/bin/gnu/h-i686-mingw32/bin/../lib/gcc/nios2-elf/4.7.3\libgcc.a(_div_df.o)
                              obj/default/main.o (__divdf3)
d:/altera13.1/nios2eds/bin/gnu/h-i686-mingw32/bin/../lib/gcc/nios2-elf/4.7.3\libgcc.a(_si_to_df.o)
                              obj/default/main.o (__floatsidf)
d:/altera13.1/nios2eds/bin/gnu/h-i686-mingw32/bin/../lib/gcc/nios2-elf/4.7.3\libgcc.a(_thenan_df.o)
                              d:/altera13.1/nios2eds/bin/gnu/h-i686-mingw32/bin/../lib/gcc/nios2-elf/4.7.3\libgcc.a(_mul_df.o) (__thenan_df)
d:/altera13.1/nios2eds/bin/gnu/h-i686-mingw32/bin/../lib/gcc/nios2-elf/4.7.3\libgcc.a(_muldi3.o)
                              d:/altera13.1/nios2eds/bin/gnu/h-i686-mingw32/bin/../lib/gcc/nios2-elf/4.7.3\libgcc.a(_mul_df.o) (__muldi3)
d:/altera13.1/nios2eds/bin/gnu/h-i686-mingw32/bin/../lib/gcc/nios2-elf/4.7.3\libgcc.a(_clzsi2.o)
                              d:/altera13.1/nios2eds/bin/gnu/h-i686-mingw32/bin/../lib/gcc/nios2-elf/4.7.3\libgcc.a(_si_to_df.o) (__clzsi2)
d:/altera13.1/nios2eds/bin/gnu/h-i686-mingw32/bin/../lib/gcc/nios2-elf/4.7.3\libgcc.a(_pack_df.o)
                              d:/altera13.1/nios2eds/bin/gnu/h-i686-mingw32/bin/../lib/gcc/nios2-elf/4.7.3\libgcc.a(_mul_df.o) (__pack_d)
d:/altera13.1/nios2eds/bin/gnu/h-i686-mingw32/bin/../lib/gcc/nios2-elf/4.7.3\libgcc.a(_unpack_df.o)
                              d:/altera13.1/nios2eds/bin/gnu/h-i686-mingw32/bin/../lib/gcc/nios2-elf/4.7.3\libgcc.a(_mul_df.o) (__unpack_d)
d:/altera13.1/nios2eds/bin/gnu/h-i686-mingw32/bin/../lib/gcc/nios2-elf/4.7.3\libgcc.a(_lshrdi3.o)
                              d:/altera13.1/nios2eds/bin/gnu/h-i686-mingw32/bin/../lib/gcc/nios2-elf/4.7.3\libgcc.a(_pack_df.o) (__lshrdi3)
d:/altera13.1/nios2eds/bin/gnu/h-i686-mingw32/bin/../lib/gcc/nios2-elf/4.7.3\libgcc.a(_ashldi3.o)
                              d:/altera13.1/nios2eds/bin/gnu/h-i686-mingw32/bin/../lib/gcc/nios2-elf/4.7.3\libgcc.a(_pack_df.o) (__ashldi3)
d:/altera13.1/nios2eds/bin/gnu/h-i686-mingw32/bin/../lib/gcc/nios2-elf/4.7.3\libgcc.a(_clz.o)
                              d:/altera13.1/nios2eds/bin/gnu/h-i686-mingw32/bin/../lib/gcc/nios2-elf/4.7.3\libgcc.a(_clzsi2.o) (__clz_tab)
d:/altera13.1/nios2eds/bin/gnu/h-i686-mingw32/bin/../lib/gcc/nios2-elf/4.7.3/../../../../../H-i686-mingw32/nios2-elf/lib\libc.a(lib_a-printf.o)
                              obj/default/main.o (printf)
d:/altera13.1/nios2eds/bin/gnu/h-i686-mingw32/bin/../lib/gcc/nios2-elf/4.7.3/../../../../../H-i686-mingw32/nios2-elf/lib\libc.a(lib_a-puts.o)
                              obj/default/main.o (puts)
d:/altera13.1/nios2eds/bin/gnu/h-i686-mingw32/bin/../lib/gcc/nios2-elf/4.7.3/../../../../../H-i686-mingw32/nios2-elf/lib\libc.a(lib_a-strlen.o)
                              d:/altera13.1/nios2eds/bin/gnu/h-i686-mingw32/bin/../lib/gcc/nios2-elf/4.7.3/../../../../../H-i686-mingw32/nios2-elf/lib\libc.a(lib_a-puts.o) (strlen)
d:/altera13.1/nios2eds/bin/gnu/h-i686-mingw32/bin/../lib/gcc/nios2-elf/4.7.3/../../../../../H-i686-mingw32/nios2-elf/lib\libc.a(lib_a-vfprintf.o)
                              d:/altera13.1/nios2eds/bin/gnu/h-i686-mingw32/bin/../lib/gcc/nios2-elf/4.7.3/../../../../../H-i686-mingw32/nios2-elf/lib\libc.a(lib_a-printf.o) (___vfprintf_internal_r)
d:/altera13.1/nios2eds/bin/gnu/h-i686-mingw32/bin/../lib/gcc/nios2-elf/4.7.3/../../../../../H-i686-mingw32/nios2-elf/lib\libc.a(lib_a-wsetup.o)
                              d:/altera13.1/nios2eds/bin/gnu/h-i686-mingw32/bin/../lib/gcc/nios2-elf/4.7.3/../../../../../H-i686-mingw32/nios2-elf/lib\libc.a(lib_a-vfprintf.o) (__swsetup_r)
d:/altera13.1/nios2eds/bin/gnu/h-i686-mingw32/bin/../lib/gcc/nios2-elf/4.7.3/../../../../../H-i686-mingw32/nios2-elf/lib\libc.a(lib_a-dtoa.o)
                              d:/altera13.1/nios2eds/bin/gnu/h-i686-mingw32/bin/../lib/gcc/nios2-elf/4.7.3/../../../../../H-i686-mingw32/nios2-elf/lib\libc.a(lib_a-vfprintf.o) (_dtoa_r)
d:/altera13.1/nios2eds/bin/gnu/h-i686-mingw32/bin/../lib/gcc/nios2-elf/4.7.3/../../../../../H-i686-mingw32/nios2-elf/lib\libc.a(lib_a-fflush.o)
                              d:/altera13.1/nios2eds/bin/gnu/h-i686-mingw32/bin/../lib/gcc/nios2-elf/4.7.3/../../../../../H-i686-mingw32/nios2-elf/lib\libc.a(lib_a-vfprintf.o) (_fflush_r)
d:/altera13.1/nios2eds/bin/gnu/h-i686-mingw32/bin/../lib/gcc/nios2-elf/4.7.3/../../../../../H-i686-mingw32/nios2-elf/lib\libc.a(lib_a-findfp.o)
                              d:/altera13.1/nios2eds/bin/gnu/h-i686-mingw32/bin/../lib/gcc/nios2-elf/4.7.3/../../../../../H-i686-mingw32/nios2-elf/lib\libc.a(lib_a-vfprintf.o) (__sinit)
d:/altera13.1/nios2eds/bin/gnu/h-i686-mingw32/bin/../lib/gcc/nios2-elf/4.7.3/../../../../../H-i686-mingw32/nios2-elf/lib\libc.a(lib_a-freer.o)
[...]
Memory Configuration

Name             Origin             Length             Attributes
reset            0x01080000         0x00000020
onchip_memory2   0x01080020         0x0004e1e0
*default*        0x00000000         0xffffffff

Linker script and memory map

LOAD ../DE1_SoC_ADC_bsp//obj/HAL/src/crt0.o
LOAD obj/default/main.o
LOAD d:/altera13.1/nios2eds/bin/gnu/h-i686-mingw32/bin/../lib/gcc/nios2-elf/4.7.3/../../../../../H-i686-mingw32/nios2-elf/lib\libstdc++.a
LOAD d:/altera13.1/nios2eds/bin/gnu/h-i686-mingw32/bin/../lib/gcc/nios2-elf/4.7.3/../../../../../H-i686-mingw32/nios2-elf/lib\libm.a
LOAD d:/altera13.1/nios2eds/bin/gnu/h-i686-mingw32/bin/../lib/gcc/nios2-elf/4.7.3\libgcc.a
START GROUP
LOAD d:/altera13.1/nios2eds/bin/gnu/h-i686-mingw32/bin/../lib/gcc/nios2-elf/4.7.3/../../../../../H-i686-mingw32/nios2-elf/lib\libc.a
LOAD d:/altera13.1/nios2eds/bin/gnu/h-i686-mingw32/bin/../lib/gcc/nios2-elf/4.7.3\libgcc.a
LOAD ../DE1_SoC_ADC_bsp/\libhal_bsp.a
END GROUP
LOAD d:/altera13.1/nios2eds/bin/gnu/h-i686-mingw32/bin/../lib/gcc/nios2-elf/4.7.3\libgcc.a
                0x01080000                __alt_mem_onchip_memory2 = 0x1080000

.entry          0x01080000       0x20
 *(.entry)
 .entry         0x01080000       0x20 ../DE1_SoC_ADC_bsp//obj/HAL/src/crt0.o
                0x01080000                __reset

.exceptions     0x01080020      0x198
                0x01080020                PROVIDE (__ram_exceptions_start, ABSOLUTE (.))
                0x01080020                . = ALIGN (0x20)
 *(.irq)
 *(.exceptions.entry.label)
 .exceptions.entry.label
                0x01080020        0x0 ../DE1_SoC_ADC_bsp/\libhal_bsp.a(alt_irq_entry.o)
                0x01080020                alt_irq_entry
 .exceptions.entry.label
                0x01080020        0x0 ../DE1_SoC_ADC_bsp/\libhal_bsp.a(alt_exception_entry.o)
                0x01080020                alt_exception
 *(.exceptions.entry.user)
 *(.exceptions.entry.ecc_fatal)
 *(.exceptions.entry)
 .exceptions.entry
                0x01080020       0x54 ../DE1_SoC_ADC_bsp/\libhal_bsp.a(alt_exception_entry.o)
 *(.exceptions.irqtest.user)
 *(.exceptions.irqtest)
 .exceptions.irqtest
                0x01080074       0x10 ../DE1_SoC_ADC_bsp/\libhal_bsp.a(alt_irq_entry.o)
 *(.exceptions.irqhandler.user)
 *(.exceptions.irqhandler)
 .exceptions.irqhandler
                0x01080084        0x4 ../DE1_SoC_ADC_bsp/\libhal_bsp.a(alt_irq_entry.o)
 *(.exceptions.irqreturn.user)
 *(.exceptions.irqreturn)
 .exceptions.irqreturn
                0x01080088        0x4 ../DE1_SoC_ADC_bsp/\libhal_bsp.a(alt_irq_entry.o)
 *(.exceptions.notirq.label)
 .exceptions.notirq.label
                0x0108008c        0x0 ../DE1_SoC_ADC_bsp/\libhal_bsp.a(alt_irq_entry.o)
 *(.exceptions.notirq.user)
 *(.exceptions.notirq)
 .exceptions.notirq
                0x0108008c        0x8 ../DE1_SoC_ADC_bsp/\libhal_bsp.a(alt_exception_entry.o)
 *(.exceptions.soft.user)
 *(.exceptions.soft)
 *(.exceptions.unknown.user)
 *(.exceptions.unknown)
 .exceptions.unknown
                0x01080094        0x4 ../DE1_SoC_ADC_bsp/\libhal_bsp.a(alt_exception_entry.o)
 *(.exceptions.exit.label)
 .exceptions.exit.label
                0x01080098        0x0 ../DE1_SoC_ADC_bsp/\libhal_bsp.a(alt_irq_entry.o)
 .exceptions.exit.label
                0x01080098        0x0 ../DE1_SoC_ADC_bsp/\libhal_bsp.a(alt_exception_entry.o)
 *(.exceptions.exit.user)
 *(.exceptions.exit)
 .exceptions.exit
                0x01080098       0x54 ../DE1_SoC_ADC_bsp/\libhal_bsp.a(alt_exception_entry.o)
 *(.exceptions)
 .exceptions    0x010800ec       0xcc ../DE1_SoC_ADC_bsp/\libhal_bsp.a(alt_irq_handler.o)
                0x010800ec                alt_irq_handler
                0x010801b8                PROVIDE (__ram_exceptions_end, ABSOLUTE (.))
                0x01080020                PROVIDE (__flash_exceptions_start, LOADADDR (.exceptions))

.text           0x010801b8     0xbcbc
                0x010801b8                PROVIDE (stext, ABSOLUTE (.))
 *(.interp)
 *(.hash)
 *(.dynsym)
 *(.dynstr)
 *(.gnu.version)
 *(.gnu.version_d)
 *(.gnu.version_r)
 *(.rel.init)
 *(.rela.init)
 *(.rel.text .rel.text.* .rel.gnu.linkonce.t.*)
 *(.rela.text .rela.text.* .rela.gnu.linkonce.t.*)
 *(.rel.fini)
 *(.rela.fini)
 *(.rel.rodata .rel.rodata.* .rel.gnu.linkonce.r.*)
 *(.rela.rodata .rela.rodata.* .rela.gnu.linkonce.r.*)
 *(.rel.data .rel.data.* .rel.gnu.linkonce.d.*)
 *(.rela.data .rela.data.* .rela.gnu.linkonce.d.*)
 *(.rel.tdata .rel.tdata.* .rel.gnu.linkonce.td.*)
 *(.rela.tdata .rela.tdata.* .rela.gnu.linkonce.td.*)
 *(.rel.tbss .rel.tbss.* .rel.gnu.linkonce.tb.*)
 *(.rela.tbss .rela.tbss.* .rela.gnu.linkonce.tb.*)
 *(.rel.ctors)
 *(.rela.ctors)
 *(.rel.dtors)
 *(.rela.dtors)
 *(.rel.got)
 *(.rela.got)
 *(.rel.sdata .rel.sdata.* .rel.gnu.linkonce.s.*)
 *(.rela.sdata .rela.sdata.* .rela.gnu.linkonce.s.*)
 *(.rel.sbss .rel.sbss.* .rel.gnu.linkonce.sb.*)
 *(.rela.sbss .rela.sbss.* .rela.gnu.linkonce.sb.*)
 *(.rel.sdata2 .rel.sdata2.* .rel.gnu.linkonce.s2.*)
 *(.rela.sdata2 .rela.sdata2.* .rela.gnu.linkonce.s2.*)
 *(.rel.sbss2 .rel.sbss2.* .rel.gnu.linkonce.sb2.*)
 *(.rela.sbss2 .rela.sbss2.* .rela.gnu.linkonce.sb2.*)
 *(.rel.bss .rel.bss.* .rel.gnu.linkonce.b.*)
 *(.rela.bss .rela.bss.* .rela.gnu.linkonce.b.*)
 *(.rel.plt)
 *(.rela.plt)
 *(.rel.dyn)
 *(.init)
 *(.plt)
 *(.text .stub .text.* .gnu.linkonce.t.*)
 .text          0x010801b8       0x4c ../DE1_SoC_ADC_bsp//obj/HAL/src/crt0.o
                0x010801b8                _start
 .text          0x01080204      0x1b4 obj/default/main.o
                0x01080204                main
 .text          0x010803b8      0x2e4 d:/altera13.1/nios2eds/bin/gnu/h-i686-mingw32/bin/../lib/gcc/nios2-elf/4.7.3\libgcc.a(_mul_df.o)
                0x010803b8                __muldf3
 .text          0x0108069c      0x1b4 d:/altera13.1/nios2eds/bin/gnu/h-i686-mingw32/bin/../lib/gcc/nios2-elf/4.7.3\libgcc.a(_div_df.o)
                0x0108069c                __divdf3
 .text          0x01080850       0xd4 d:/altera13.1/nios2eds/bin/gnu/h-i686-mingw32/bin/../lib/gcc/nios2-elf/4.7.3\libgcc.a(_si_to_df.o)
                0x01080850                __floatsidf
 .text          0x01080924        0x0 d:/altera13.1/nios2eds/bin/gnu/h-i686-mingw32/bin/../lib/gcc/nios2-elf/4.7.3\libgcc.a(_thenan_df.o)
 .text          0x01080924       0x60 d:/altera13.1/nios2eds/bin/gnu/h-i686-mingw32/bin/../lib/gcc/nios2-elf/4.7.3\libgcc.a(_muldi3.o)
                0x01080924                __muldi3
 .text          0x01080984       0xac d:/altera13.1/nios2eds/bin/gnu/h-i686-mingw32/bin/../lib/gcc/nios2-elf/4.7.3\libgcc.a(_clzsi2.o)
                0x01080984                __clzsi2
 .text          0x01080a30      0x224 d:/altera13.1/nios2eds/bin/gnu/h-i686-mingw32/bin/../lib/gcc/nios2-elf/4.7.3\libgcc.a(_pack_df.o)
                0x01080a30                __pack_d
 .text          0x01080c54      0x104 d:/altera13.1/nios2eds/bin/gnu/h-i686-mingw32/bin/../lib/gcc/nios2-elf/4.7.3\libgcc.a(_unpack_df.o)
                0x01080c54                __unpack_d
 .text          0x01080d58       0x44 d:/altera13.1/nios2eds/bin/gnu/h-i686-mingw32/bin/../lib/gcc/nios2-elf/4.7.3\libgcc.a(_lshrdi3.o)
                0x01080d58                __lshrdi3
 .text          0x01080d9c       0x44 d:/altera13.1/nios2eds/bin/gnu/h-i686-mingw32/bin/../lib/gcc/nios2-elf/4.7.3\libgcc.a(_ashldi3.o)
                0x01080d9c                __ashldi3
 .text          0x01080de0        0x0 d:/altera13.1/nios2eds/bin/gnu/h-i686-mingw32/bin/../lib/gcc/nios2-elf/4.7.3\libgcc.a(_clz.o)
 .text          0x01080de0       0x68 d:/altera13.1/nios2eds/bin/gnu/h-i686-mingw32/bin/../lib/gcc/nios2-elf/4.7.3/../../../../../H-i686-mingw32/nios2-elf/lib\libc.a(lib_a-printf.o)
                0x01080de0                _printf_r
                0x01080e0c                printf
 .text          0x01080e48       0x98 d:/altera13.1/nios2eds/bin/gnu/h-i686-mingw32/bin/../lib/gcc/nios2-elf/4.7.3/../../../../../H-i686-mingw32/nios2-elf/lib\libc.a(lib_a-puts.o)
                0x01080e48                _puts_r
                0x01080ecc                puts
 .text          0x01080ee0       0x8c d:/altera13.1/nios2eds/bin/gnu/h-i686-mingw32/bin/../lib/gcc/nios2-elf/4.7.3/../../../../../H-i686-mingw32/nios2-elf/lib\libc.a(lib_a-strlen.o)
                0x01080ee0                strlen
 .text          0x01080f6c     0x1e50 d:/altera13.1/nios2eds/bin/gnu/h-i686-mingw32/bin/../lib/gcc/nios2-elf/4.7.3/../../../../../H-i686-mingw32/nios2-elf/lib\libc.a(lib_a-vfprintf.o)
                0x01080fa0                ___vfprintf_internal_r
                0x01082d98                __vfprintf_internal
 .text          0x01082dbc      0x174 d:/altera13.1/nios2eds/bin/gnu/h-i686-mingw32/bin/../lib/gcc/nios2-elf/4.7.3/../../../../../H-i686-mingw32/nios2-elf/lib\libc.a(lib_a-wsetup.o)
                0x01082dbc                __swsetup_r
 .text          0x01082f30     0x1824 d:/altera13.1/nios2eds/bin/gnu/h-i686-mingw32/bin/../lib/gcc/nios2-elf/4.7.3/../../../../../H-i686-mingw32/nios2-elf/lib\libc.a(lib_a-dtoa.o)
                0x01083138                _dtoa_r
 .text          0x01084754      0x218 d:/altera13.1/nios2eds/bin/gnu/h-i686-mingw32/bin/../lib/gcc/nios2-elf/4.7.3/../../../../../H-i686-mingw32/nios2-elf/lib\libc.a(lib_a-fflush.o)
                0x01084754                _fflush_r
                0x0108493c                fflush
 .text          0x0108496c      0x2d8 d:/altera13.1/nios2eds/bin/gnu/h-i686-mingw32/bin/../lib/gcc/nios2-elf/4.7.3/../../../../../H-i686-mingw32/nios2-elf/lib\libc.a(lib_a-findfp.o)
                0x0108497c                _cleanup_r
                0x01084988                __sfmoreglue
                0x010849ec                _cleanup
                0x010849fc                __sinit
                0x01084b08                __sfp
                0x01084c04                __sfp_lock_acquire
                0x01084c08                __sfp_lock_release
                0x01084c0c                __sinit_lock_acquire
                0x01084c10                __sinit_lock_release
                0x01084c14                __fp_lock_all
                0x01084c2c                __fp_unlock_all
 .text          0x01084c44      0x40c d:/altera13.1/nios2eds/bin/gnu/h-i686-mingw32/bin/../lib/gcc/nios2-elf/4.7.3/../../../../../H-i686-mingw32/nios2-elf/lib\libc.a(lib_a-freer.o)
                0x01084c44                _malloc_trim_r
                0x01084d80                _free_r
 .text          0x01085050      0x4e4 d:/altera13.1/nios2eds/bin/gnu/h-i686-mingw32/bin/../lib/gcc/nios2-elf/4.7.3/../../../../../H-i686-mingw32/nios2-elf/lib\libc.a(lib_a-fvwrite.o)
                0x01085050                __sfvwrite_r
 .text          0x01085534      0x160 d:/altera13.1/nios2eds/bin/gnu/h-i686-mingw32/bin/../lib/gcc/nios2-elf/4.7.3/../../../../../H-i686-mingw32/nios2-elf/lib\libc.a(lib_a-fwalk.o)
                0x01085534                _fwalk
                0x010855dc                _fwalk_reent
 .text          0x01085694        0x0 d:/altera13.1/nios2eds/bin/gnu/h-i686-mingw32/bin/../lib/gcc/nios2-elf/4.7.3/../../../../../H-i686-mingw32/nios2-elf/lib\libc.a(lib_a-impure.o)
 .text          0x01085694       0xdc d:/altera13.1/nios2eds/bin/gnu/h-i686-mingw32/bin/../lib/gcc/nios2-elf/4.7.3/../../../../../H-i686-mingw32/nios2-elf/lib\libc.a(lib_a-locale.o)
                0x01085694                _setlocale_r
                0x01085730                __locale_charset
                0x0108573c                _localeconv_r
                0x01085748                setlocale
                0x01085764                localeconv
 .text          0x01085770      0x1a8 d:/altera13.1/nios2eds/bin/gnu/h-i686-mingw32/bin/../lib/gcc/nios2-elf/4.7.3/../../../../../H-i686-mingw32/nios2-elf/lib\libc.a(lib_a-makebuf.o)
                0x01085770                __smakebuf_r
 .text          0x01085918      0x784 d:/altera13.1/nios2eds/bin/gnu/h-i686-mingw32/bin/../lib/gcc/nios2-elf/4.7.3/../../../../../H-i686-mingw32/nios2-elf/lib\libc.a(lib_a-mallocr.o)
                0x01085918                _malloc_r
 .text          0x0108609c       0xf8 d:/altera13.1/nios2eds/bin/gnu/h-i686-mingw32/bin/../lib/gcc/nios2-elf/4.7.3/../../../../../H-i686-mingw32/nios2-elf/lib\libc.a(lib_a-memchr.o)
                0x0108609c                memchr
 .text          0x01086194       0xf8 d:/altera13.1/nios2eds/bin/gnu/h-i686-mingw32/bin/../lib/gcc/nios2-elf/4.7.3/../../../../../H-i686-mingw32/nios2-elf/lib\libc.a(lib_a-memcpy.o)
                0x01086194                memcpy
 .text          0x0108628c      0x128 d:/altera13.1/nios2eds/bin/gnu/h-i686-mingw32/bin/../lib/gcc/nios2-elf/4.7.3/../../../../../H-i686-mingw32/nios2-elf/lib\libc.a(lib_a-memmove.o)
                0x0108628c                memmove
 .text          0x010863b4       0xdc d:/altera13.1/nios2eds/bin/gnu/h-i686-mingw32/bin/../lib/gcc/nios2-elf/4.7.3/../../../../../H-i686-mingw32/nios2-elf/lib\libc.a(lib_a-memset.o)
                0x010863b4                memset
 .text          0x01086490      0xfa8 d:/altera13.1/nios2eds/bin/gnu/h-i686-mingw32/bin/../lib/gcc/nios2-elf/4.7.3/../../../../../H-i686-mingw32/nios2-elf/lib\libc.a(lib_a-mprec.o)
                0x01086490                _Balloc
                0x01086538                _Bfree
                0x01086560                __multadd
                0x01086674                __s2b
                0x01086778                __hi0bits
                0x010867e0                __lo0bits
                0x01086890                __i2b
                0x010868cc                __multiply
                0x01086aac                __pow5mult
                0x01086bd8                __lshift
                0x01086d34                __mcmp
                0x01086d8c                __mdiff
                0x01086f34                __ulp
                0x01086f94                __b2d
                0x010870dc                __d2b
                0x01087220                __ratio
                0x010872c4                _mprec_log10
                0x01087338                __copybits
                0x010873b4                __any_on
 .text          0x01087438      0x5fc d:/altera13.1/nios2eds/bin/gnu/h-i686-mingw32/bin/../lib/gcc/nios2-elf/4.7.3/../../../../../H-i686-mingw32/nios2-elf/lib\libc.a(lib_a-reallocr.o)
                0x01087438                _realloc_r
 .text          0x01087a34       0x38 d:/altera13.1/nios2eds/bin/gnu/h-i686-mingw32/bin/../lib/gcc/nios2-elf/4.7.3/../../../../../H-i686-mingw32/nios2-elf/lib\libc.a(lib_a-s_isinfd.o)
                0x01087a34                __isinfd
 .text          0x01087a6c       0x2c d:/altera13.1/nios2eds/bin/gnu/h-i686-mingw32/bin/../lib/gcc/nios2-elf/4.7.3/../../../../../H-i686-mingw32/nios2-elf/lib\libc.a(lib_a-s_isnand.o)
                0x01087a6c                __isnand
 .text          0x01087a98       0x64 d:/altera13.1/nios2eds/bin/gnu/h-i686-mingw32/bin/../lib/gcc/nios2-elf/4.7.3/../../../../../H-i686-mingw32/nios2-elf/lib\libc.a(lib_a-sbrkr.o)
                0x01087a98                _sbrk_r
 .text          0x01087afc      0x140 d:/altera13.1/nios2eds/bin/gnu/h-i686-mingw32/bin/../lib/gcc/nios2-elf/4.7.3/../../../../../H-i686-mingw32/nios2-elf/lib\libc.a(lib_a-stdio.o)
                0x01087afc                __sread
                0x01087b50                __swrite
                0x01087bd8                __sseek
                0x01087c34                __sclose
 .text          0x01087c3c       0xa4 d:/altera13.1/nios2eds/bin/gnu/h-i686-mingw32/bin/../lib/gcc/nios2-elf/4.7.3/../../../../../H-i686-mingw32/nios2-elf/lib\libc.a(lib_a-strcmp.o)
                0x01087c3c                strcmp
 .text          0x01087ce0       0x6c d:/altera13.1/nios2eds/bin/gnu/h-i686-mingw32/bin/../lib/gcc/nios2-elf/4.7.3/../../../../../H-i686-mingw32/nios2-elf/lib\libc.a(lib_a-writer.o)
                0x01087ce0                _write_r
 .text          0x01087d4c       0xbc d:/altera13.1/nios2eds/bin/gnu/h-i686-mingw32/bin/../lib/gcc/nios2-elf/4.7.3/../../../../../H-i686-mingw32/nios2-elf/lib\libc.a(lib_a-callocr.o)
                0x01087d4c                _calloc_r
 .text          0x01087e08       0x64 d:/altera13.1/nios2eds/bin/gnu/h-i686-mingw32/bin/../lib/gcc/nios2-elf/4.7.3/../../../../../H-i686-mingw32/nios2-elf/lib\libc.a(lib_a-closer.o)
                0x01087e08                _close_r
 .text          0x01087e6c      0x150 d:/altera13.1/nios2eds/bin/gnu/h-i686-mingw32/bin/../lib/gcc/nios2-elf/4.7.3/../../../../../H-i686-mingw32/nios2-elf/lib\libc.a(lib_a-fclose.o)
                0x01087e6c                _fclose_r
                0x01087fa8                fclose
 .text          0x01087fbc       0x68 d:/altera13.1/nios2eds/bin/gnu/h-i686-mingw32/bin/../lib/gcc/nios2-elf/4.7.3/../../../../../H-i686-mingw32/nios2-elf/lib\libc.a(lib_a-fstatr.o)
                0x01087fbc                _fstat_r
 .text          0x01088024        0x0 d:/altera13.1/nios2eds/bin/gnu/h-i686-mingw32/bin/../lib/gcc/nios2-elf/4.7.3/../../../../../H-i686-mingw32/nios2-elf/lib\libc.a(lib_a-int_errno.o)
 .text          0x01088024       0x64 d:/altera13.1/nios2eds/bin/gnu/h-i686-mingw32/bin/../lib/gcc/nios2-elf/4.7.3/../../../../../H-i686-mingw32/nios2-elf/lib\libc.a(lib_a-isattyr.o)
                0x01088024                _isatty_r
 .text          0x01088088       0x6c d:/altera13.1/nios2eds/bin/gnu/h-i686-mingw32/bin/../lib/gcc/nios2-elf/4.7.3/../../../../../H-i686-mingw32/nios2-elf/lib\libc.a(lib_a-lseekr.o)
                0x01088088                _lseek_r
 .text          0x010880f4       0x6c d:/altera13.1/nios2eds/bin/gnu/h-i686-mingw32/bin/../lib/gcc/nios2-elf/4.7.3/../../../../../H-i686-mingw32/nios2-elf/lib\libc.a(lib_a-readr.o)
                0x010880f4                _read_r
 .text          0x01088160      0x5c8 d:/altera13.1/nios2eds/bin/gnu/h-i686-mingw32/bin/../lib/gcc/nios2-elf/4.7.3\libgcc.a(_udivdi3.o)
                0x01088160                __udivdi3
 .text          0x01088728      0x58c d:/altera13.1/nios2eds/bin/gnu/h-i686-mingw32/bin/../lib/gcc/nios2-elf/4.7.3\libgcc.a(_umoddi3.o)
                0x01088728                __umoddi3
 .text          0x01088cb4      0x408 d:/altera13.1/nios2eds/bin/gnu/h-i686-mingw32/bin/../lib/gcc/nios2-elf/4.7.3\libgcc.a(_addsub_df.o)
                0x01089008                __adddf3
                0x0108905c                __subdf3
 .text          0x010890bc       0x5c d:/altera13.1/nios2eds/bin/gnu/h-i686-mingw32/bin/../lib/gcc/nios2-elf/4.7.3\libgcc.a(_eq_df.o)
                0x010890bc                __eqdf2
 .text          0x01089118       0x5c d:/altera13.1/nios2eds/bin/gnu/h-i686-mingw32/bin/../lib/gcc/nios2-elf/4.7.3\libgcc.a(_ne_df.o)
                0x01089118                __nedf2
 .text          0x01089174       0x64 d:/altera13.1/nios2eds/bin/gnu/h-i686-mingw32/bin/../lib/gcc/nios2-elf/4.7.3\libgcc.a(_gt_df.o)
                0x01089174                __gtdf2
 .text          0x010891d8       0x64 d:/altera13.1/nios2eds/bin/gnu/h-i686-mingw32/bin/../lib/gcc/nios2-elf/4.7.3\libgcc.a(_ge_df.o)
                0x010891d8                __gedf2
 .text          0x0108923c       0x5c d:/altera13.1/nios2eds/bin/gnu/h-i686-mingw32/bin/../lib/gcc/nios2-elf/4.7.3\libgcc.a(_lt_df.o)
                0x0108923c                __ltdf2
 .text          0x01089298       0xd4 d:/altera13.1/nios2eds/bin/gnu/h-i686-mingw32/bin/../lib/gcc/nios2-elf/4.7.3\libgcc.a(_df_to_si.o)
                0x01089298                __fixdfsi
 .text          0x0108936c      0x11c d:/altera13.1/nios2eds/bin/gnu/h-i686-mingw32/bin/../lib/gcc/nios2-elf/4.7.3\libgcc.a(_usi_to_df.o)
                0x0108936c                __floatunsidf
 .text          0x01089488      0x130 d:/altera13.1/nios2eds/bin/gnu/h-i686-mingw32/bin/../lib/gcc/nios2-elf/4.7.3\libgcc.a(lib2-divmod.o)
                0x010894fc                __divsi3
                0x0108954c                __modsi3
                0x010895a8                __udivsi3
                0x010895b0                __umodsi3
 .text          0x010895b8       0xd0 d:/altera13.1/nios2eds/bin/gnu/h-i686-mingw32/bin/../lib/gcc/nios2-elf/4.7.3\libgcc.a(_fpcmp_parts_df.o)
                0x010895b8                __fpcmp_parts_d
 .text          0x01089688      0x118 ../DE1_SoC_ADC_bsp/\libhal_bsp.a(alt_close.o)
                0x010896d8                close
 .text          0x010897a0       0x2c ../DE1_SoC_ADC_bsp/\libhal_bsp.a(alt_dev.o)
 .text          0x010897cc        0x0 ../DE1_SoC_ADC_bsp/\libhal_bsp.a(alt_errno.o)
 .text          0x010897cc       0xfc ../DE1_SoC_ADC_bsp/\libhal_bsp.a(alt_fstat.o)
                0x0108981c                fstat
 .text          0x010898c8       0xf0 ../DE1_SoC_ADC_bsp/\libhal_bsp.a(alt_isatty.o)
                0x01089918                isatty
 .text          0x010899b8       0xec ../DE1_SoC_ADC_bsp/\libhal_bsp.a(alt_load.o)
                0x01089a24                alt_load
 .text          0x01089aa4      0x120 ../DE1_SoC_ADC_bsp/\libhal_bsp.a(alt_lseek.o)
                0x01089af4                lseek
 .text          0x01089bc4       0x78 ../DE1_SoC_ADC_bsp/\libhal_bsp.a(alt_main.o)
                0x01089bc4                alt_main
 .text          0x01089c3c       0x40 ../DE1_SoC_ADC_bsp/\libhal_bsp.a(alt_malloc_lock.o)
                0x01089c3c                __malloc_lock
                0x01089c5c                __malloc_unlock
 .text          0x01089c7c      0x140 ../DE1_SoC_ADC_bsp/\libhal_bsp.a(alt_read.o)
                0x01089ccc                read
 .text          0x01089dbc       0x60 ../DE1_SoC_ADC_bsp/\libhal_bsp.a(alt_release_fd.o)
                0x01089dbc                alt_release_fd
 .text          0x01089e1c       0xb0 ../DE1_SoC_ADC_bsp/\libhal_bsp.a(alt_sbrk.o)
                0x01089e1c                sbrk
 .text          0x01089ecc      0x13c ../DE1_SoC_ADC_bsp/\libhal_bsp.a(alt_write.o)
                0x01089f1c                write
 .text          0x0108a008       0xcc ../DE1_SoC_ADC_bsp/\libhal_bsp.a(alt_sys_init.o)
                0x0108a040                alt_irq_init
                0x0108a074                alt_sys_init
 .text          0x0108a0d4      0x164 ../DE1_SoC_ADC_bsp/\libhal_bsp.a(altera_avalon_jtag_uart_fd.o)
                0x0108a0d4                altera_avalon_jtag_uart_read_fd
                0x0108a134                altera_avalon_jtag_uart_write_fd
                0x0108a194                altera_avalon_jtag_uart_close_fd
                0x0108a1e4                altera_avalon_jtag_uart_ioctl_fd
 .text          0x0108a238      0x3d0 ../DE1_SoC_ADC_bsp/\libhal_bsp.a(altera_avalon_jtag_uart_init.o)
                0x0108a238                altera_avalon_jtag_uart_init
                0x0108a5a0                altera_avalon_jtag_uart_close
 .text          0x0108a608       0xf4 ../DE1_SoC_ADC_bsp/\libhal_bsp.a(altera_avalon_jtag_uart_ioctl.o)
                0x0108a608                altera_avalon_jtag_uart_ioctl
 .text          0x0108a6fc      0x218 ../DE1_SoC_ADC_bsp/\libhal_bsp.a(altera_avalon_jtag_uart_read.o)
                0x0108a6fc                altera_avalon_jtag_uart_read
 .text          0x0108a914      0x224 ../DE1_SoC_ADC_bsp/\libhal_bsp.a(altera_avalon_jtag_uart_write.o)
                0x0108a914                altera_avalon_jtag_uart_write
 .text          0x0108ab38       0xfc ../DE1_SoC_ADC_bsp/\libhal_bsp.a(altera_avalon_timer_sc.o)
                0x0108abac                alt_avalon_timer_sc_init
 .text          0x0108ac34      0x140 ../DE1_SoC_ADC_bsp/\libhal_bsp.a(alt_alarm_start.o)
                0x0108ac34                alt_alarm_start
 .text          0x0108ad74       0x44 ../DE1_SoC_ADC_bsp/\libhal_bsp.a(alt_dcache_flush_all.o)
                0x0108ad74                alt_dcache_flush_all
 .text          0x0108adb8       0xf0 ../DE1_SoC_ADC_bsp/\libhal_bsp.a(alt_dev_llist_insert.o)
                0x0108ae08                alt_dev_llist_insert
 .text          0x0108aea8       0x5c ../DE1_SoC_ADC_bsp/\libhal_bsp.a(alt_do_ctors.o)
                0x0108aea8                _do_ctors
 .text          0x0108af04       0x5c ../DE1_SoC_ADC_bsp/\libhal_bsp.a(alt_do_dtors.o)
                0x0108af04                _do_dtors
 .text          0x0108af60       0x30 ../DE1_SoC_ADC_bsp/\libhal_bsp.a(alt_icache_flush_all.o)
                0x0108af60                alt_icache_flush_all
 .text          0x0108af90      0x1d8 ../DE1_SoC_ADC_bsp/\libhal_bsp.a(alt_iic.o)
                0x0108af90                alt_ic_isr_register
                0x0108afe0                alt_ic_irq_enable
                0x0108b07c                alt_ic_irq_disable
                0x0108b11c                alt_ic_irq_enabled
 .text          0x0108b168       0xf0 ../DE1_SoC_ADC_bsp/\libhal_bsp.a(alt_iic_isr_register.o)
                0x0108b168                alt_iic_isr_register
 .text          0x0108b258      0x138 ../DE1_SoC_ADC_bsp/\libhal_bsp.a(alt_io_redirect.o)
                0x0108b318                alt_io_redirect
 .text          0x0108b390        0x0 ../DE1_SoC_ADC_bsp/\libhal_bsp.a(alt_irq_entry.o)
 .text          0x0108b390        0x0 ../DE1_SoC_ADC_bsp/\libhal_bsp.a(alt_irq_handler.o)
 .text          0x0108b390        0x0 ../DE1_SoC_ADC_bsp/\libhal_bsp.a(alt_irq_vars.o)
 .text          0x0108b390      0x270 ../DE1_SoC_ADC_bsp/\libhal_bsp.a(alt_open.o)
                0x0108b4ac                open
 .text          0x0108b600      0x19c ../DE1_SoC_ADC_bsp/\libhal_bsp.a(alt_tick.o)
                0x0108b600                alt_alarm_stop
                0x0108b698                alt_tick
 .text          0x0108b79c       0x20 ../DE1_SoC_ADC_bsp/\libhal_bsp.a(altera_nios2_qsys_irq.o)
                0x0108b79c                altera_nios2_qsys_irq_init
 .text          0x0108b7bc        0x0 ../DE1_SoC_ADC_bsp/\libhal_bsp.a(alt_exception_entry.o)
 .text          0x0108b7bc       0x90 ../DE1_SoC_ADC_bsp/\libhal_bsp.a(alt_find_dev.o)
                0x0108b7bc                alt_find_dev
 .text          0x0108b84c      0x114 ../DE1_SoC_ADC_bsp/\libhal_bsp.a(alt_find_file.o)
                0x0108b84c                alt_find_file
 .text          0x0108b960       0xb4 ../DE1_SoC_ADC_bsp/\libhal_bsp.a(alt_get_fd.o)
                0x0108b960                alt_get_fd
 .text          0x0108ba14       0x8c ../DE1_SoC_ADC_bsp/\libhal_bsp.a(alt_icache_flush.o)
                0x0108ba14                alt_icache_flush
 .text          0x0108baa0       0x14 d:/altera13.1/nios2eds/bin/gnu/h-i686-mingw32/bin/../lib/gcc/nios2-elf/4.7.3/../../../../../H-i686-mingw32/nios2-elf/lib\libc.a(lib_a-atexit.o)
                0x0108baa0                atexit
 .text          0x0108bab4       0x38 d:/altera13.1/nios2eds/bin/gnu/h-i686-mingw32/bin/../lib/gcc/nios2-elf/4.7.3/../../../../../H-i686-mingw32/nios2-elf/lib\libc.a(lib_a-exit.o)
                0x0108bab4                exit
 .text          0x0108baec       0x7c d:/altera13.1/nios2eds/bin/gnu/h-i686-mingw32/bin/../lib/gcc/nios2-elf/4.7.3/../../../../../H-i686-mingw32/nios2-elf/lib\libc.a(lib_a-memcmp.o)
                0x0108baec                memcmp
 .text          0x0108bb68      0x130 d:/altera13.1/nios2eds/bin/gnu/h-i686-mingw32/bin/../lib/gcc/nios2-elf/4.7.3/../../../../../H-i686-mingw32/nios2-elf/lib\libc.a(lib_a-__atexit.o)
                0x0108bb68                __register_exitproc
 .text          0x0108bc98      0x1a0 d:/altera13.1/nios2eds/bin/gnu/h-i686-mingw32/bin/../lib/gcc/nios2-elf/4.7.3/../../../../../H-i686-mingw32/nios2-elf/lib\libc.a(lib_a-__call_atexit.o)
                0x0108bc98                __call_exitprocs
 .text          0x0108be38       0x3c ../DE1_SoC_ADC_bsp/\libhal_bsp.a(alt_exit.o)
                0x0108be38                _exit
 *(.gnu.warning.*)
 *(.fini)
                0x0108be74                PROVIDE (__etext, ABSOLUTE (.))
                0x0108be74                PROVIDE (_etext, ABSOLUTE (.))
                0x0108be74                PROVIDE (etext, ABSOLUTE (.))
 *(.eh_frame_hdr)
                0x0108be74                . = ALIGN (0x4)
                0x0108be74                PROVIDE (__preinit_array_start, ABSOLUTE (.))
 *(.preinit_array)
                0x0108be74                PROVIDE (__preinit_array_end, ABSOLUTE (.))
                0x0108be74                PROVIDE (__init_array_start, ABSOLUTE (.))
 *(.init_array)
                0x0108be74                PROVIDE (__init_array_end, ABSOLUTE (.))
                0x0108be74                PROVIDE (__fini_array_start, ABSOLUTE (.))
 *(.fini_array)
                0x0108be74                PROVIDE (__fini_array_end, ABSOLUTE (.))
 *(.eh_frame)
 *(.gcc_except_table .gcc_except_table.*)
 *(.dynamic)
                0x0108be74                PROVIDE (__CTOR_LIST__, ABSOLUTE (.))
 *(.ctors)
 *(SORT(.ctors.*))
                0x0108be74                PROVIDE (__CTOR_END__, ABSOLUTE (.))
                0x0108be74                PROVIDE (__DTOR_LIST__, ABSOLUTE (.))
 *(.dtors)
 *(SORT(.dtors.*))
                0x0108be74                PROVIDE (__DTOR_END__, ABSOLUTE (.))
 *(.jcr)
                0x0108be74                . = ALIGN (0x4)

.rodata         0x0108be74      0x348
                0x0108be74                PROVIDE (__ram_rodata_start, ABSOLUTE (.))
                0x0108be74                . = ALIGN (0x4)
 *(.rodata .rodata.* .gnu.linkonce.r.*)
 .rodata        0x0108be74       0x28 obj/default/main.o
 .rodata        0x0108be9c       0x14 d:/altera13.1/nios2eds/bin/gnu/h-i686-mingw32/bin/../lib/gcc/nios2-elf/4.7.3\libgcc.a(_thenan_df.o)
                0x0108be9c                __thenan_df
 .rodata        0x0108beb0      0x100 d:/altera13.1/nios2eds/bin/gnu/h-i686-mingw32/bin/../lib/gcc/nios2-elf/4.7.3\libgcc.a(_clz.o)
                0x0108beb0                __clz_tab
 .rodata.str1.4
                0x0108bfb0        0x2 d:/altera13.1/nios2eds/bin/gnu/h-i686-mingw32/bin/../lib/gcc/nios2-elf/4.7.3/../../../../../H-i686-mingw32/nios2-elf/lib\libc.a(lib_a-puts.o)
                                  0x4 (size before relaxing)
 *fill*         0x0108bfb2        0x2 
 .rodata.str1.4
                0x0108bfb4       0x42 d:/altera13.1/nios2eds/bin/gnu/h-i686-mingw32/bin/../lib/gcc/nios2-elf/4.7.3/../../../../../H-i686-mingw32/nios2-elf/lib\libc.a(lib_a-vfprintf.o)
                                 0x44 (size before relaxing)
 .rodata        0x0108bff6       0x20 d:/altera13.1/nios2eds/bin/gnu/h-i686-mingw32/bin/../lib/gcc/nios2-elf/4.7.3/../../../../../H-i686-mingw32/nios2-elf/lib\libc.a(lib_a-vfprintf.o)
 *fill*         0x0108c016        0x2 
 .rodata.str1.4
                0x0108c018       0x10 d:/altera13.1/nios2eds/bin/gnu/h-i686-mingw32/bin/../lib/gcc/nios2-elf/4.7.3/../../../../../H-i686-mingw32/nios2-elf/lib\libc.a(lib_a-dtoa.o)
                                 0x14 (size before relaxing)
 .rodata.str1.4
                0x0108c028        0x2 d:/altera13.1/nios2eds/bin/gnu/h-i686-mingw32/bin/../lib/gcc/nios2-elf/4.7.3/../../../../../H-i686-mingw32/nios2-elf/lib\libc.a(lib_a-impure.o)
                                  0x4 (size before relaxing)
 *fill*         0x0108c02a        0x2 
 .rodata.str1.4
                0x0108c02c       0x10 d:/altera13.1/nios2eds/bin/gnu/h-i686-mingw32/bin/../lib/gcc/nios2-elf/4.7.3/../../../../../H-i686-mingw32/nios2-elf/lib\libc.a(lib_a-locale.o)
                                 0x18 (size before relaxing)
 .rodata        0x0108c03c       0x30 d:/altera13.1/nios2eds/bin/gnu/h-i686-mingw32/bin/../lib/gcc/nios2-elf/4.7.3/../../../../../H-i686-mingw32/nios2-elf/lib\libc.a(lib_a-locale.o)
 .rodata        0x0108c06c      0x124 d:/altera13.1/nios2eds/bin/gnu/h-i686-mingw32/bin/../lib/gcc/nios2-elf/4.7.3/../../../../../H-i686-mingw32/nios2-elf/lib\libc.a(lib_a-mprec.o)
                0x0108c06c                __mprec_tinytens
                0x0108c094                __mprec_bigtens
                0x0108c0bc                __mprec_tens
 .rodata        0x0108c190        0xc ../DE1_SoC_ADC_bsp/\libhal_bsp.a(alt_dev.o)
 .rodata        0x0108c19c       0x10 ../DE1_SoC_ADC_bsp/\libhal_bsp.a(alt_main.o)
 .rodata        0x0108c1ac       0x10 ../DE1_SoC_ADC_bsp/\libhal_bsp.a(alt_sys_init.o)
 *(.rodata1)
                0x0108c1bc                . = ALIGN (0x4)
                0x0108c1bc                PROVIDE (__ram_rodata_end, ABSOLUTE (.))
                0x0108be74                PROVIDE (__flash_rodata_start, LOADADDR (.rodata))

.rwdata         0x0108c1bc     0x1a58 load address 0x0108dc14
                0x0108c1bc                PROVIDE (__ram_rwdata_start, ABSOLUTE (.))
                0x0108c1bc                . = ALIGN (0x4)
 *(.got.plt)
 *(.got)
 *(.data1)
 *(.data .data.* .gnu.linkonce.d.*)
 .data          0x0108c1bc        0x0 ../DE1_SoC_ADC_bsp//obj/HAL/src/crt0.o
 .data          0x0108c1bc        0x0 obj/default/main.o
 .data          0x0108c1bc        0x0 d:/altera13.1/nios2eds/bin/gnu/h-i686-mingw32/bin/../lib/gcc/nios2-elf/4.7.3\libgcc.a(_mul_df.o)
 .data          0x0108c1bc        0x0 d:/altera13.1/nios2eds/bin/gnu/h-i686-mingw32/bin/../lib/gcc/nios2-elf/4.7.3\libgcc.a(_div_df.o)
 .data          0x0108c1bc        0x0 d:/altera13.1/nios2eds/bin/gnu/h-i686-mingw32/bin/../lib/gcc/nios2-elf/4.7.3\libgcc.a(_si_to_df.o)
 .data          0x0108c1bc        0x0 d:/altera13.1/nios2eds/bin/gnu/h-i686-mingw32/bin/../lib/gcc/nios2-elf/4.7.3\libgcc.a(_thenan_df.o)
 .data          0x0108c1bc        0x0 d:/altera13.1/nios2eds/bin/gnu/h-i686-mingw32/bin/../lib/gcc/nios2-elf/4.7.3\libgcc.a(_muldi3.o)
 .data          0x0108c1bc        0x0 d:/altera13.1/nios2eds/bin/gnu/h-i686-mingw32/bin/../lib/gcc/nios2-elf/4.7.3\libgcc.a(_clzsi2.o)
 .data          0x0108c1bc        0x0 d:/altera13.1/nios2eds/bin/gnu/h-i686-mingw32/bin/../lib/gcc/nios2-elf/4.7.3\libgcc.a(_pack_df.o)
 .data          0x0108c1bc        0x0 d:/altera13.1/nios2eds/bin/gnu/h-i686-mingw32/bin/../lib/gcc/nios2-elf/4.7.3\libgcc.a(_unpack_df.o)
 .data          0x0108c1bc        0x0 d:/altera13.1/nios2eds/bin/gnu/h-i686-mingw32/bin/../lib/gcc/nios2-elf/4.7.3\libgcc.a(_lshrdi3.o)
 .data          0x0108c1bc        0x0 d:/altera13.1/nios2eds/bin/gnu/h-i686-mingw32/bin/../lib/gcc/nios2-elf/4.7.3\libgcc.a(_ashldi3.o)
 .data          0x0108c1bc        0x0 d:/altera13.1/nios2eds/bin/gnu/h-i686-mingw32/bin/../lib/gcc/nios2-elf/4.7.3\libgcc.a(_clz.o)
 .data          0x0108c1bc        0x0 d:/altera13.1/nios2eds/bin/gnu/h-i686-mingw32/bin/../lib/gcc/nios2-elf/4.7.3/../../../../../H-i686-mingw32/nios2-elf/lib\libc.a(lib_a-printf.o)
 .data          0x0108c1bc        0x0 d:/altera13.1/nios2eds/bin/gnu/h-i686-mingw32/bin/../lib/gcc/nios2-elf/4.7.3/../../../../../H-i686-mingw32/nios2-elf/lib\libc.a(lib_a-puts.o)
 .data          0x0108c1bc        0x0 d:/altera13.1/nios2eds/bin/gnu/h-i686-mingw32/bin/../lib/gcc/nios2-elf/4.7.3/../../../../../H-i686-mingw32/nios2-elf/lib\libc.a(lib_a-strlen.o)
 .data          0x0108c1bc        0x0 d:/altera13.1/nios2eds/bin/gnu/h-i686-mingw32/bin/../lib/gcc/nios2-elf/4.7.3/../../../../../H-i686-mingw32/nios2-elf/lib\libc.a(lib_a-vfprintf.o)
 .data          0x0108c1bc        0x0 d:/altera13.1/nios2eds/bin/gnu/h-i686-mingw32/bin/../lib/gcc/nios2-elf/4.7.3/../../../../../H-i686-mingw32/nios2-elf/lib\libc.a(lib_a-wsetup.o)
 .data          0x0108c1bc        0x0 d:/altera13.1/nios2eds/bin/gnu/h-i686-mingw32/bin/../lib/gcc/nios2-elf/4.7.3/../../../../../H-i686-mingw32/nios2-elf/lib\libc.a(lib_a-dtoa.o)
 .data          0x0108c1bc        0x0 d:/altera13.1/nios2eds/bin/gnu/h-i686-mingw32/bin/../lib/gcc/nios2-elf/4.7.3/../../../../../H-i686-mingw32/nios2-elf/lib\libc.a(lib_a-fflush.o)
 .data          0x0108c1bc        0x0 d:/altera13.1/nios2eds/bin/gnu/h-i686-mingw32/bin/../lib/gcc/nios2-elf/4.7.3/../../../../../H-i686-mingw32/nios2-elf/lib\libc.a(lib_a-findfp.o)
 .data          0x0108c1bc        0x0 d:/altera13.1/nios2eds/bin/gnu/h-i686-mingw32/bin/../lib/gcc/nios2-elf/4.7.3/../../../../../H-i686-mingw32/nios2-elf/lib\libc.a(lib_a-freer.o)
 .data          0x0108c1bc        0x0 d:/altera13.1/nios2eds/bin/gnu/h-i686-mingw32/bin/../lib/gcc/nios2-elf/4.7.3/../../../../../H-i686-mingw32/nios2-elf/lib\libc.a(lib_a-fvwrite.o)
 .data          0x0108c1bc        0x0 d:/altera13.1/nios2eds/bin/gnu/h-i686-mingw32/bin/../lib/gcc/nios2-elf/4.7.3/../../../../../H-i686-mingw32/nios2-elf/lib\libc.a(lib_a-fwalk.o)
 .data          0x0108c1bc      0x400 d:/altera13.1/nios2eds/bin/gnu/h-i686-mingw32/bin/../lib/gcc/nios2-elf/4.7.3/../../../../../H-i686-mingw32/nios2-elf/lib\libc.a(lib_a-impure.o)
 .data          0x0108c5bc        0xc d:/altera13.1/nios2eds/bin/gnu/h-i686-mingw32/bin/../lib/gcc/nios2-elf/4.7.3/../../../../../H-i686-mingw32/nios2-elf/lib\libc.a(lib_a-locale.o)
                0x0108c5bc                __lc_ctype
 .data          0x0108c5c8        0x0 d:/altera13.1/nios2eds/bin/gnu/h-i686-mingw32/bin/../lib/gcc/nios2-elf/4.7.3/../../../../../H-i686-mingw32/nios2-elf/lib\libc.a(lib_a-makebuf.o)
 .data          0x0108c5c8      0x408 d:/altera13.1/nios2eds/bin/gnu/h-i686-mingw32/bin/../lib/gcc/nios2-elf/4.7.3/../../../../../H-i686-mingw32/nios2-elf/lib\libc.a(lib_a-mallocr.o)
                0x0108c5c8                __malloc_av_
 .data          0x0108c9d0        0x0 d:/altera13.1/nios2eds/bin/gnu/h-i686-mingw32/bin/../lib/gcc/nios2-elf/4.7.3/../../../../../H-i686-mingw32/nios2-elf/lib\libc.a(lib_a-memchr.o)
 .data          0x0108c9d0        0x0 d:/altera13.1/nios2eds/bin/gnu/h-i686-mingw32/bin/../lib/gcc/nios2-elf/4.7.3/../../../../../H-i686-mingw32/nios2-elf/lib\libc.a(lib_a-memcpy.o)
 .data          0x0108c9d0        0x0 d:/altera13.1/nios2eds/bin/gnu/h-i686-mingw32/bin/../lib/gcc/nios2-elf/4.7.3/../../../../../H-i686-mingw32/nios2-elf/lib\libc.a(lib_a-memmove.o)
 .data          0x0108c9d0        0x0 d:/altera13.1/nios2eds/bin/gnu/h-i686-mingw32/bin/../lib/gcc/nios2-elf/4.7.3/../../../../../H-i686-mingw32/nios2-elf/lib\libc.a(lib_a-memset.o)
 .data          0x0108c9d0        0x0 d:/altera13.1/nios2eds/bin/gnu/h-i686-mingw32/bin/../lib/gcc/nios2-elf/4.7.3/../../../../../H-i686-mingw32/nios2-elf/lib\libc.a(lib_a-mprec.o)
 .data          0x0108c9d0        0x0 d:/altera13.1/nios2eds/bin/gnu/h-i686-mingw32/bin/../lib/gcc/nios2-elf/4.7.3/../../../../../H-i686-mingw32/nios2-elf/lib\libc.a(lib_a-reallocr.o)
 .data          0x0108c9d0        0x0 d:/altera13.1/nios2eds/bin/gnu/h-i686-mingw32/bin/../lib/gcc/nios2-elf/4.7.3/../../../../../H-i686-mingw32/nios2-elf/lib\libc.a(lib_a-s_isinfd.o)
 .data          0x0108c9d0        0x0 d:/altera13.1/nios2eds/bin/gnu/h-i686-mingw32/bin/../lib/gcc/nios2-elf/4.7.3/../../../../../H-i686-mingw32/nios2-elf/lib\libc.a(lib_a-s_isnand.o)
 .data          0x0108c9d0        0x0 d:/altera13.1/nios2eds/bin/gnu/h-i686-mingw32/bin/../lib/gcc/nios2-elf/4.7.3/../../../../../H-i686-mingw32/nios2-elf/lib\libc.a(lib_a-sbrkr.o)
 .data          0x0108c9d0        0x0 d:/altera13.1/nios2eds/bin/gnu/h-i686-mingw32/bin/../lib/gcc/nios2-elf/4.7.3/../../../../../H-i686-mingw32/nios2-elf/lib\libc.a(lib_a-stdio.o)
 .data          0x0108c9d0        0x0 d:/altera13.1/nios2eds/bin/gnu/h-i686-mingw32/bin/../lib/gcc/nios2-elf/4.7.3/../../../../../H-i686-mingw32/nios2-elf/lib\libc.a(lib_a-strcmp.o)
 .data          0x0108c9d0        0x0 d:/altera13.1/nios2eds/bin/gnu/h-i686-mingw32/bin/../lib/gcc/nios2-elf/4.7.3/../../../../../H-i686-mingw32/nios2-elf/lib\libc.a(lib_a-writer.o)
 .data          0x0108c9d0        0x0 d:/altera13.1/nios2eds/bin/gnu/h-i686-mingw32/bin/../lib/gcc/nios2-elf/4.7.3/../../../../../H-i686-mingw32/nios2-elf/lib\libc.a(lib_a-callocr.o)
 .data          0x0108c9d0        0x0 d:/altera13.1/nios2eds/bin/gnu/h-i686-mingw32/bin/../lib/gcc/nios2-elf/4.7.3/../../../../../H-i686-mingw32/nios2-elf/lib\libc.a(lib_a-closer.o)
 .data          0x0108c9d0        0x0 d:/altera13.1/nios2eds/bin/gnu/h-i686-mingw32/bin/../lib/gcc/nios2-elf/4.7.3/../../../../../H-i686-mingw32/nios2-elf/lib\libc.a(lib_a-fclose.o)
 .data          0x0108c9d0        0x0 d:/altera13.1/nios2eds/bin/gnu/h-i686-mingw32/bin/../lib/gcc/nios2-elf/4.7.3/../../../../../H-i686-mingw32/nios2-elf/lib\libc.a(lib_a-fstatr.o)
 .data          0x0108c9d0        0x0 d:/altera13.1/nios2eds/bin/gnu/h-i686-mingw32/bin/../lib/gcc/nios2-elf/4.7.3/../../../../../H-i686-mingw32/nios2-elf/lib\libc.a(lib_a-int_errno.o)
 .data          0x0108c9d0        0x0 d:/altera13.1/nios2eds/bin/gnu/h-i686-mingw32/bin/../lib/gcc/nios2-elf/4.7.3/../../../../../H-i686-mingw32/nios2-elf/lib\libc.a(lib_a-isattyr.o)
 .data          0x0108c9d0        0x0 d:/altera13.1/nios2eds/bin/gnu/h-i686-mingw32/bin/../lib/gcc/nios2-elf/4.7.3/../../../../../H-i686-mingw32/nios2-elf/lib\libc.a(lib_a-lseekr.o)
 .data          0x0108c9d0        0x0 d:/altera13.1/nios2eds/bin/gnu/h-i686-mingw32/bin/../lib/gcc/nios2-elf/4.7.3/../../../../../H-i686-mingw32/nios2-elf/lib\libc.a(lib_a-readr.o)
 .data          0x0108c9d0        0x0 d:/altera13.1/nios2eds/bin/gnu/h-i686-mingw32/bin/../lib/gcc/nios2-elf/4.7.3\libgcc.a(_udivdi3.o)
 .data          0x0108c9d0        0x0 d:/altera13.1/nios2eds/bin/gnu/h-i686-mingw32/bin/../lib/gcc/nios2-elf/4.7.3\libgcc.a(_umoddi3.o)
 .data          0x0108c9d0        0x0 d:/altera13.1/nios2eds/bin/gnu/h-i686-mingw32/bin/../lib/gcc/nios2-elf/4.7.3\libgcc.a(_addsub_df.o)
 .data          0x0108c9d0        0x0 d:/altera13.1/nios2eds/bin/gnu/h-i686-mingw32/bin/../lib/gcc/nios2-elf/4.7.3\libgcc.a(_eq_df.o)
 .data          0x0108c9d0        0x0 d:/altera13.1/nios2eds/bin/gnu/h-i686-mingw32/bin/../lib/gcc/nios2-elf/4.7.3\libgcc.a(_ne_df.o)
 .data          0x0108c9d0        0x0 d:/altera13.1/nios2eds/bin/gnu/h-i686-mingw32/bin/../lib/gcc/nios2-elf/4.7.3\libgcc.a(_gt_df.o)
 .data          0x0108c9d0        0x0 d:/altera13.1/nios2eds/bin/gnu/h-i686-mingw32/bin/../lib/gcc/nios2-elf/4.7.3\libgcc.a(_ge_df.o)
 .data          0x0108c9d0        0x0 d:/altera13.1/nios2eds/bin/gnu/h-i686-mingw32/bin/../lib/gcc/nios2-elf/4.7.3\libgcc.a(_lt_df.o)
 .data          0x0108c9d0        0x0 d:/altera13.1/nios2eds/bin/gnu/h-i686-mingw32/bin/../lib/gcc/nios2-elf/4.7.3\libgcc.a(_df_to_si.o)
 .data          0x0108c9d0        0x0 d:/altera13.1/nios2eds/bin/gnu/h-i686-mingw32/bin/../lib/gcc/nios2-elf/4.7.3\libgcc.a(_usi_to_df.o)
 .data          0x0108c9d0        0x0 d:/altera13.1/nios2eds/bin/gnu/h-i686-mingw32/bin/../lib/gcc/nios2-elf/4.7.3\libgcc.a(lib2-divmod.o)
 .data          0x0108c9d0        0x0 d:/altera13.1/nios2eds/bin/gnu/h-i686-mingw32/bin/../lib/gcc/nios2-elf/4.7.3\libgcc.a(_fpcmp_parts_df.o)
 .data          0x0108c9d0        0x0 ../DE1_SoC_ADC_bsp/\libhal_bsp.a(alt_close.o)
 .data          0x0108c9d0      0x1a8 ../DE1_SoC_ADC_bsp/\libhal_bsp.a(alt_dev.o)
                0x0108c9d0                alt_dev_null
                0x0108c9f8                alt_fd_list
 .data          0x0108cb78        0x0 ../DE1_SoC_ADC_bsp/\libhal_bsp.a(alt_errno.o)
 .data          0x0108cb78        0x0 ../DE1_SoC_ADC_bsp/\libhal_bsp.a(alt_fstat.o)
 .data          0x0108cb78        0x0 ../DE1_SoC_ADC_bsp/\libhal_bsp.a(alt_isatty.o)
 .data          0x0108cb78        0x0 ../DE1_SoC_ADC_bsp/\libhal_bsp.a(alt_load.o)
 .data          0x0108cb78        0x0 ../DE1_SoC_ADC_bsp/\libhal_bsp.a(alt_lseek.o)
 .data          0x0108cb78        0x0 ../DE1_SoC_ADC_bsp/\libhal_bsp.a(alt_main.o)
 .data          0x0108cb78        0x0 ../DE1_SoC_ADC_bsp/\libhal_bsp.a(alt_malloc_lock.o)
 .data          0x0108cb78        0x0 ../DE1_SoC_ADC_bsp/\libhal_bsp.a(alt_read.o)
 .data          0x0108cb78        0x0 ../DE1_SoC_ADC_bsp/\libhal_bsp.a(alt_release_fd.o)
 .data          0x0108cb78        0x0 ../DE1_SoC_ADC_bsp/\libhal_bsp.a(alt_sbrk.o)
 .data          0x0108cb78        0x0 ../DE1_SoC_ADC_bsp/\libhal_bsp.a(alt_write.o)
 .data          0x0108cb78     0x1060 ../DE1_SoC_ADC_bsp/\libhal_bsp.a(alt_sys_init.o)
 .data          0x0108dbd8        0x0 ../DE1_SoC_ADC_bsp/\libhal_bsp.a(altera_avalon_jtag_uart_fd.o)
 .data          0x0108dbd8        0x0 ../DE1_SoC_ADC_bsp/\libhal_bsp.a(altera_avalon_jtag_uart_init.o)
 .data          0x0108dbd8        0x0 ../DE1_SoC_ADC_bsp/\libhal_bsp.a(altera_avalon_jtag_uart_ioctl.o)
 .data          0x0108dbd8        0x0 ../DE1_SoC_ADC_bsp/\libhal_bsp.a(altera_avalon_jtag_uart_read.o)
 .data          0x0108dbd8        0x0 ../DE1_SoC_ADC_bsp/\libhal_bsp.a(altera_avalon_jtag_uart_write.o)
 .data          0x0108dbd8        0x0 ../DE1_SoC_ADC_bsp/\libhal_bsp.a(altera_avalon_timer_sc.o)
 .data          0x0108dbd8        0x0 ../DE1_SoC_ADC_bsp/\libhal_bsp.a(alt_alarm_start.o)
 .data          0x0108dbd8        0x0 ../DE1_SoC_ADC_bsp/\libhal_bsp.a(alt_dcache_flush_all.o)
 .data          0x0108dbd8        0x0 ../DE1_SoC_ADC_bsp/\libhal_bsp.a(alt_dev_llist_insert.o)
 .data          0x0108dbd8        0x0 ../DE1_SoC_ADC_bsp/\libhal_bsp.a(alt_do_ctors.o)
 .data          0x0108dbd8        0x0 ../DE1_SoC_ADC_bsp/\libhal_bsp.a(alt_do_dtors.o)
 .data          0x0108dbd8        0x0 ../DE1_SoC_ADC_bsp/\libhal_bsp.a(alt_icache_flush_all.o)
 .data          0x0108dbd8        0x0 ../DE1_SoC_ADC_bsp/\libhal_bsp.a(alt_iic.o)
 .data          0x0108dbd8        0x0 ../DE1_SoC_ADC_bsp/\libhal_bsp.a(alt_iic_isr_register.o)
 .data          0x0108dbd8        0x0 ../DE1_SoC_ADC_bsp/\libhal_bsp.a(alt_io_redirect.o)
 .data          0x0108dbd8        0x0 ../DE1_SoC_ADC_bsp/\libhal_bsp.a(alt_irq_entry.o)
 .data          0x0108dbd8        0x0 ../DE1_SoC_ADC_bsp/\libhal_bsp.a(alt_irq_handler.o)
 .data          0x0108dbd8        0x0 ../DE1_SoC_ADC_bsp/\libhal_bsp.a(alt_irq_vars.o)
 .data          0x0108dbd8        0x0 ../DE1_SoC_ADC_bsp/\libhal_bsp.a(alt_open.o)
 .data          0x0108dbd8        0x0 ../DE1_SoC_ADC_bsp/\libhal_bsp.a(alt_tick.o)
 .data          0x0108dbd8        0x0 ../DE1_SoC_ADC_bsp/\libhal_bsp.a(altera_nios2_qsys_irq.o)
 .data          0x0108dbd8        0x0 ../DE1_SoC_ADC_bsp/\libhal_bsp.a(alt_exception_entry.o)
 .data          0x0108dbd8        0x0 ../DE1_SoC_ADC_bsp/\libhal_bsp.a(alt_find_dev.o)
 .data          0x0108dbd8        0x0 ../DE1_SoC_ADC_bsp/\libhal_bsp.a(alt_find_file.o)
 .data          0x0108dbd8        0x0 ../DE1_SoC_ADC_bsp/\libhal_bsp.a(alt_get_fd.o)
 .data          0x0108dbd8        0x0 ../DE1_SoC_ADC_bsp/\libhal_bsp.a(alt_icache_flush.o)
 .data          0x0108dbd8        0x0 d:/altera13.1/nios2eds/bin/gnu/h-i686-mingw32/bin/../lib/gcc/nios2-elf/4.7.3/../../../../../H-i686-mingw32/nios2-elf/lib\libc.a(lib_a-atexit.o)
 .data          0x0108dbd8        0x0 d:/altera13.1/nios2eds/bin/gnu/h-i686-mingw32/bin/../lib/gcc/nios2-elf/4.7.3/../../../../../H-i686-mingw32/nios2-elf/lib\libc.a(lib_a-exit.o)
 .data          0x0108dbd8        0x0 d:/altera13.1/nios2eds/bin/gnu/h-i686-mingw32/bin/../lib/gcc/nios2-elf/4.7.3/../../../../../H-i686-mingw32/nios2-elf/lib\libc.a(lib_a-memcmp.o)
 .data          0x0108dbd8        0x0 d:/altera13.1/nios2eds/bin/gnu/h-i686-mingw32/bin/../lib/gcc/nios2-elf/4.7.3/../../../../../H-i686-mingw32/nios2-elf/lib\libc.a(lib_a-__atexit.o)
 .data          0x0108dbd8        0x0 d:/altera13.1/nios2eds/bin/gnu/h-i686-mingw32/bin/../lib/gcc/nios2-elf/4.7.3/../../../../../H-i686-mingw32/nios2-elf/lib\libc.a(lib_a-__call_atexit.o)
 .data          0x0108dbd8        0x0 ../DE1_SoC_ADC_bsp/\libhal_bsp.a(alt_exit.o)
                0x01095bd8                _gp = ABSOLUTE ((. + 0x8000))
                0x01095bd8                PROVIDE (gp, _gp)
 *(.rwdata .rwdata.*)
 *(.sdata .sdata.* .gnu.linkonce.s.*)
 .sdata         0x0108dbd8        0x8 d:/altera13.1/nios2eds/bin/gnu/h-i686-mingw32/bin/../lib/gcc/nios2-elf/4.7.3/../../../../../H-i686-mingw32/nios2-elf/lib\libc.a(lib_a-impure.o)
                0x0108dbd8                _global_impure_ptr
                0x0108dbdc                _impure_ptr
 .sdata         0x0108dbe0        0x4 d:/altera13.1/nios2eds/bin/gnu/h-i686-mingw32/bin/../lib/gcc/nios2-elf/4.7.3/../../../../../H-i686-mingw32/nios2-elf/lib\libc.a(lib_a-locale.o)
                0x0108dbe0                __mb_cur_max
 .sdata         0x0108dbe4        0x8 d:/altera13.1/nios2eds/bin/gnu/h-i686-mingw32/bin/../lib/gcc/nios2-elf/4.7.3/../../../../../H-i686-mingw32/nios2-elf/lib\libc.a(lib_a-mallocr.o)
                0x0108dbe4                __malloc_sbrk_base
                0x0108dbe8                __malloc_trim_threshold
 .sdata         0x0108dbec       0x14 ../DE1_SoC_ADC_bsp/\libhal_bsp.a(alt_dev.o)
                0x0108dbec                alt_fs_list
                0x0108dbf4                alt_dev_list
                0x0108dbfc                alt_max_fd
 .sdata         0x0108dc00        0x4 ../DE1_SoC_ADC_bsp/\libhal_bsp.a(alt_errno.o)
                0x0108dc00                alt_errno
 .sdata         0x0108dc04        0x4 ../DE1_SoC_ADC_bsp/\libhal_bsp.a(alt_sbrk.o)
 .sdata         0x0108dc08        0x4 ../DE1_SoC_ADC_bsp/\libhal_bsp.a(alt_irq_vars.o)
                0x0108dc08                alt_priority_mask
 .sdata         0x0108dc0c        0x8 ../DE1_SoC_ADC_bsp/\libhal_bsp.a(alt_tick.o)
                0x0108dc0c                alt_alarm_list
 *(.sdata2 .sdata2.* .gnu.linkonce.s2.*)
                0x0108dc14                . = ALIGN (0x4)
                0x0108dc14                _edata = ABSOLUTE (.)
                0x0108dc14                PROVIDE (edata, ABSOLUTE (.))
                0x0108dc14                PROVIDE (__ram_rwdata_end, ABSOLUTE (.))
                0x0108dc14                PROVIDE (__flash_rwdata_start, LOADADDR (.rwdata))

.bss            0x0108f66c      0x2ec
                0x0108f66c                __bss_start = ABSOLUTE (.)
                0x0108f66c                PROVIDE (__sbss_start, ABSOLUTE (.))
                0x0108f66c                PROVIDE (___sbss_start, ABSOLUTE (.))
 *(.dynsbss)
 *(.sbss .sbss.* .gnu.linkonce.sb.*)
 .sbss          0x0108f66c        0xc d:/altera13.1/nios2eds/bin/gnu/h-i686-mingw32/bin/../lib/gcc/nios2-elf/4.7.3/../../../../../H-i686-mingw32/nios2-elf/lib\libc.a(lib_a-locale.o)
                0x0108f66c                _PathLocale
                0x0108f670                __mlocale_changed
                0x0108f674                __nlocale_changed
 .sbss          0x0108f678        0xc d:/altera13.1/nios2eds/bin/gnu/h-i686-mingw32/bin/../lib/gcc/nios2-elf/4.7.3/../../../../../H-i686-mingw32/nios2-elf/lib\libc.a(lib_a-mallocr.o)
                0x0108f678                __malloc_max_total_mem
                0x0108f67c                __malloc_max_sbrked_mem
                0x0108f680                __malloc_top_pad
 .sbss          0x0108f684        0x4 d:/altera13.1/nios2eds/bin/gnu/h-i686-mingw32/bin/../lib/gcc/nios2-elf/4.7.3/../../../../../H-i686-mingw32/nios2-elf/lib\libc.a(lib_a-int_errno.o)
                0x0108f684                errno
 .sbss          0x0108f688        0xc ../DE1_SoC_ADC_bsp/\libhal_bsp.a(alt_main.o)
                0x0108f688                alt_argc
                0x0108f68c                alt_argv
                0x0108f690                alt_envp
 .sbss          0x0108f694        0x4 ../DE1_SoC_ADC_bsp/\libhal_bsp.a(alt_irq_vars.o)
                0x0108f694                alt_irq_active
 .sbss          0x0108f698        0x8 ../DE1_SoC_ADC_bsp/\libhal_bsp.a(alt_tick.o)
                0x0108f698                _alt_tick_rate
                0x0108f69c                _alt_nticks
 *(.sbss2 .sbss2.* .gnu.linkonce.sb2.*)
 *(.scommon)
                0x0108f6a0                PROVIDE (__sbss_end, ABSOLUTE (.))
                0x0108f6a0                PROVIDE (___sbss_end, ABSOLUTE (.))
 *(.dynbss)
 *(.bss .bss.* .gnu.linkonce.b.*)
 .bss           0x0108f6a0        0x0 ../DE1_SoC_ADC_bsp//obj/HAL/src/crt0.o
 .bss           0x0108f6a0        0x0 obj/default/main.o
 .bss           0x0108f6a0        0x0 d:/altera13.1/nios2eds/bin/gnu/h-i686-mingw32/bin/../lib/gcc/nios2-elf/4.7.3\libgcc.a(_mul_df.o)
 .bss           0x0108f6a0        0x0 d:/altera13.1/nios2eds/bin/gnu/h-i686-mingw32/bin/../lib/gcc/nios2-elf/4.7.3\libgcc.a(_div_df.o)
 .bss           0x0108f6a0        0x0 d:/altera13.1/nios2eds/bin/gnu/h-i686-mingw32/bin/../lib/gcc/nios2-elf/4.7.3\libgcc.a(_si_to_df.o)
 .bss           0x0108f6a0        0x0 d:/altera13.1/nios2eds/bin/gnu/h-i686-mingw32/bin/../lib/gcc/nios2-elf/4.7.3\libgcc.a(_thenan_df.o)
 .bss           0x0108f6a0        0x0 d:/altera13.1/nios2eds/bin/gnu/h-i686-mingw32/bin/../lib/gcc/nios2-elf/4.7.3\libgcc.a(_muldi3.o)
 .bss           0x0108f6a0        0x0 d:/altera13.1/nios2eds/bin/gnu/h-i686-mingw32/bin/../lib/gcc/nios2-elf/4.7.3\libgcc.a(_clzsi2.o)
 .bss           0x0108f6a0        0x0 d:/altera13.1/nios2eds/bin/gnu/h-i686-mingw32/bin/../lib/gcc/nios2-elf/4.7.3\libgcc.a(_pack_df.o)
 .bss           0x0108f6a0        0x0 d:/altera13.1/nios2eds/bin/gnu/h-i686-mingw32/bin/../lib/gcc/nios2-elf/4.7.3\libgcc.a(_unpack_df.o)
 .bss           0x0108f6a0        0x0 d:/altera13.1/nios2eds/bin/gnu/h-i686-mingw32/bin/../lib/gcc/nios2-elf/4.7.3\libgcc.a(_lshrdi3.o)
 .bss           0x0108f6a0        0x0 d:/altera13.1/nios2eds/bin/gnu/h-i686-mingw32/bin/../lib/gcc/nios2-elf/4.7.3\libgcc.a(_ashldi3.o)
 .bss           0x0108f6a0        0x0 d:/altera13.1/nios2eds/bin/gnu/h-i686-mingw32/bin/../lib/gcc/nios2-elf/4.7.3\libgcc.a(_clz.o)
 .bss           0x0108f6a0        0x0 d:/altera13.1/nios2eds/bin/gnu/h-i686-mingw32/bin/../lib/gcc/nios2-elf/4.7.3/../../../../../H-i686-mingw32/nios2-elf/lib\libc.a(lib_a-printf.o)
 .bss           0x0108f6a0        0x0 d:/altera13.1/nios2eds/bin/gnu/h-i686-mingw32/bin/../lib/gcc/nios2-elf/4.7.3/../../../../../H-i686-mingw32/nios2-elf/lib\libc.a(lib_a-puts.o)
 .bss           0x0108f6a0        0x0 d:/altera13.1/nios2eds/bin/gnu/h-i686-mingw32/bin/../lib/gcc/nios2-elf/4.7.3/../../../../../H-i686-mingw32/nios2-elf/lib\libc.a(lib_a-strlen.o)
 .bss           0x0108f6a0        0x0 d:/altera13.1/nios2eds/bin/gnu/h-i686-mingw32/bin/../lib/gcc/nios2-elf/4.7.3/../../../../../H-i686-mingw32/nios2-elf/lib\libc.a(lib_a-vfprintf.o)
 .bss           0x0108f6a0        0x0 d:/altera13.1/nios2eds/bin/gnu/h-i686-mingw32/bin/../lib/gcc/nios2-elf/4.7.3/../../../../../H-i686-mingw32/nios2-elf/lib\libc.a(lib_a-wsetup.o)
 .bss           0x0108f6a0        0x0 d:/altera13.1/nios2eds/bin/gnu/h-i686-mingw32/bin/../lib/gcc/nios2-elf/4.7.3/../../../../../H-i686-mingw32/nios2-elf/lib\libc.a(lib_a-dtoa.o)
 .bss           0x0108f6a0        0x0 d:/altera13.1/nios2eds/bin/gnu/h-i686-mingw32/bin/../lib/gcc/nios2-elf/4.7.3/../../../../../H-i686-mingw32/nios2-elf/lib\libc.a(lib_a-fflush.o)
 .bss           0x0108f6a0        0x0 d:/altera13.1/nios2eds/bin/gnu/h-i686-mingw32/bin/../lib/gcc/nios2-elf/4.7.3/../../../../../H-i686-mingw32/nios2-elf/lib\libc.a(lib_a-findfp.o)
 .bss           0x0108f6a0        0x0 d:/altera13.1/nios2eds/bin/gnu/h-i686-mingw32/bin/../lib/gcc/nios2-elf/4.7.3/../../../../../H-i686-mingw32/nios2-elf/lib\libc.a(lib_a-freer.o)
 .bss           0x0108f6a0        0x0 d:/altera13.1/nios2eds/bin/gnu/h-i686-mingw32/bin/../lib/gcc/nios2-elf/4.7.3/../../../../../H-i686-mingw32/nios2-elf/lib\libc.a(lib_a-fvwrite.o)
 .bss           0x0108f6a0        0x0 d:/altera13.1/nios2eds/bin/gnu/h-i686-mingw32/bin/../lib/gcc/nios2-elf/4.7.3/../../../../../H-i686-mingw32/nios2-elf/lib\libc.a(lib_a-fwalk.o)
 .bss           0x0108f6a0        0x0 d:/altera13.1/nios2eds/bin/gnu/h-i686-mingw32/bin/../lib/gcc/nios2-elf/4.7.3/../../../../../H-i686-mingw32/nios2-elf/lib\libc.a(lib_a-impure.o)
 .bss           0x0108f6a0        0x0 d:/altera13.1/nios2eds/bin/gnu/h-i686-mingw32/bin/../lib/gcc/nios2-elf/4.7.3/../../../../../H-i686-mingw32/nios2-elf/lib\libc.a(lib_a-locale.o)
 .bss           0x0108f6a0        0x0 d:/altera13.1/nios2eds/bin/gnu/h-i686-mingw32/bin/../lib/gcc/nios2-elf/4.7.3/../../../../../H-i686-mingw32/nios2-elf/lib\libc.a(lib_a-makebuf.o)
 .bss           0x0108f6a0       0x28 d:/altera13.1/nios2eds/bin/gnu/h-i686-mingw32/bin/../lib/gcc/nios2-elf/4.7.3/../../../../../H-i686-mingw32/nios2-elf/lib\libc.a(lib_a-mallocr.o)
                0x0108f6a0                __malloc_current_mallinfo
 .bss           0x0108f6c8        0x0 d:/altera13.1/nios2eds/bin/gnu/h-i686-mingw32/bin/../lib/gcc/nios2-elf/4.7.3/../../../../../H-i686-mingw32/nios2-elf/lib\libc.a(lib_a-memchr.o)
 .bss           0x0108f6c8        0x0 d:/altera13.1/nios2eds/bin/gnu/h-i686-mingw32/bin/../lib/gcc/nios2-elf/4.7.3/../../../../../H-i686-mingw32/nios2-elf/lib\libc.a(lib_a-memcpy.o)
 .bss           0x0108f6c8        0x0 d:/altera13.1/nios2eds/bin/gnu/h-i686-mingw32/bin/../lib/gcc/nios2-elf/4.7.3/../../../../../H-i686-mingw32/nios2-elf/lib\libc.a(lib_a-memmove.o)
 .bss           0x0108f6c8        0x0 d:/altera13.1/nios2eds/bin/gnu/h-i686-mingw32/bin/../lib/gcc/nios2-elf/4.7.3/../../../../../H-i686-mingw32/nios2-elf/lib\libc.a(lib_a-memset.o)
 .bss           0x0108f6c8        0x0 d:/altera13.1/nios2eds/bin/gnu/h-i686-mingw32/bin/../lib/gcc/nios2-elf/4.7.3/../../../../../H-i686-mingw32/nios2-elf/lib\libc.a(lib_a-mprec.o)
 .bss           0x0108f6c8        0x0 d:/altera13.1/nios2eds/bin/gnu/h-i686-mingw32/bin/../lib/gcc/nios2-elf/4.7.3/../../../../../H-i686-mingw32/nios2-elf/lib\libc.a(lib_a-reallocr.o)
 .bss           0x0108f6c8        0x0 d:/altera13.1/nios2eds/bin/gnu/h-i686-mingw32/bin/../lib/gcc/nios2-elf/4.7.3/../../../../../H-i686-mingw32/nios2-elf/lib\libc.a(lib_a-s_isinfd.o)
 .bss           0x0108f6c8        0x0 d:/altera13.1/nios2eds/bin/gnu/h-i686-mingw32/bin/../lib/gcc/nios2-elf/4.7.3/../../../../../H-i686-mingw32/nios2-elf/lib\libc.a(lib_a-s_isnand.o)
 .bss           0x0108f6c8        0x0 d:/altera13.1/nios2eds/bin/gnu/h-i686-mingw32/bin/../lib/gcc/nios2-elf/4.7.3/../../../../../H-i686-mingw32/nios2-elf/lib\libc.a(lib_a-sbrkr.o)
 .bss           0x0108f6c8        0x0 d:/altera13.1/nios2eds/bin/gnu/h-i686-mingw32/bin/../lib/gcc/nios2-elf/4.7.3/../../../../../H-i686-mingw32/nios2-elf/lib\libc.a(lib_a-stdio.o)
 .bss           0x0108f6c8        0x0 d:/altera13.1/nios2eds/bin/gnu/h-i686-mingw32/bin/../lib/gcc/nios2-elf/4.7.3/../../../../../H-i686-mingw32/nios2-elf/lib\libc.a(lib_a-strcmp.o)
 .bss           0x0108f6c8        0x0 d:/altera13.1/nios2eds/bin/gnu/h-i686-mingw32/bin/../lib/gcc/nios2-elf/4.7.3/../../../../../H-i686-mingw32/nios2-elf/lib\libc.a(lib_a-writer.o)
 .bss           0x0108f6c8        0x0 d:/altera13.1/nios2eds/bin/gnu/h-i686-mingw32/bin/../lib/gcc/nios2-elf/4.7.3/../../../../../H-i686-mingw32/nios2-elf/lib\libc.a(lib_a-callocr.o)
 .bss           0x0108f6c8        0x0 d:/altera13.1/nios2eds/bin/gnu/h-i686-mingw32/bin/../lib/gcc/nios2-elf/4.7.3/../../../../../H-i686-mingw32/nios2-elf/lib\libc.a(lib_a-closer.o)
 .bss           0x0108f6c8        0x0 d:/altera13.1/nios2eds/bin/gnu/h-i686-mingw32/bin/../lib/gcc/nios2-elf/4.7.3/../../../../../H-i686-mingw32/nios2-elf/lib\libc.a(lib_a-fclose.o)
 .bss           0x0108f6c8        0x0 d:/altera13.1/nios2eds/bin/gnu/h-i686-mingw32/bin/../lib/gcc/nios2-elf/4.7.3/../../../../../H-i686-mingw32/nios2-elf/lib\libc.a(lib_a-fstatr.o)
 .bss           0x0108f6c8        0x0 d:/altera13.1/nios2eds/bin/gnu/h-i686-mingw32/bin/../lib/gcc/nios2-elf/4.7.3/../../../../../H-i686-mingw32/nios2-elf/lib\libc.a(lib_a-int_errno.o)
 .bss           0x0108f6c8        0x0 d:/altera13.1/nios2eds/bin/gnu/h-i686-mingw32/bin/../lib/gcc/nios2-elf/4.7.3/../../../../../H-i686-mingw32/nios2-elf/lib\libc.a(lib_a-isattyr.o)
 .bss           0x0108f6c8        0x0 d:/altera13.1/nios2eds/bin/gnu/h-i686-mingw32/bin/../lib/gcc/nios2-elf/4.7.3/../../../../../H-i686-mingw32/nios2-elf/lib\libc.a(lib_a-lseekr.o)
 .bss           0x0108f6c8        0x0 d:/altera13.1/nios2eds/bin/gnu/h-i686-mingw32/bin/../lib/gcc/nios2-elf/4.7.3/../../../../../H-i686-mingw32/nios2-elf/lib\libc.a(lib_a-readr.o)
 .bss           0x0108f6c8        0x0 d:/altera13.1/nios2eds/bin/gnu/h-i686-mingw32/bin/../lib/gcc/nios2-elf/4.7.3\libgcc.a(_udivdi3.o)
 .bss           0x0108f6c8        0x0 d:/altera13.1/nios2eds/bin/gnu/h-i686-mingw32/bin/../lib/gcc/nios2-elf/4.7.3\libgcc.a(_umoddi3.o)
 .bss           0x0108f6c8        0x0 d:/altera13.1/nios2eds/bin/gnu/h-i686-mingw32/bin/../lib/gcc/nios2-elf/4.7.3\libgcc.a(_addsub_df.o)
 .bss           0x0108f6c8        0x0 d:/altera13.1/nios2eds/bin/gnu/h-i686-mingw32/bin/../lib/gcc/nios2-elf/4.7.3\libgcc.a(_eq_df.o)
 .bss           0x0108f6c8        0x0 d:/altera13.1/nios2eds/bin/gnu/h-i686-mingw32/bin/../lib/gcc/nios2-elf/4.7.3\libgcc.a(_ne_df.o)
 .bss           0x0108f6c8        0x0 d:/altera13.1/nios2eds/bin/gnu/h-i686-mingw32/bin/../lib/gcc/nios2-elf/4.7.3\libgcc.a(_gt_df.o)
 .bss           0x0108f6c8        0x0 d:/altera13.1/nios2eds/bin/gnu/h-i686-mingw32/bin/../lib/gcc/nios2-elf/4.7.3\libgcc.a(_ge_df.o)
 .bss           0x0108f6c8        0x0 d:/altera13.1/nios2eds/bin/gnu/h-i686-mingw32/bin/../lib/gcc/nios2-elf/4.7.3\libgcc.a(_lt_df.o)
 .bss           0x0108f6c8        0x0 d:/altera13.1/nios2eds/bin/gnu/h-i686-mingw32/bin/../lib/gcc/nios2-elf/4.7.3\libgcc.a(_df_to_si.o)
 .bss           0x0108f6c8        0x0 d:/altera13.1/nios2eds/bin/gnu/h-i686-mingw32/bin/../lib/gcc/nios2-elf/4.7.3\libgcc.a(_usi_to_df.o)
 .bss           0x0108f6c8        0x0 d:/altera13.1/nios2eds/bin/gnu/h-i686-mingw32/bin/../lib/gcc/nios2-elf/4.7.3\libgcc.a(lib2-divmod.o)
 .bss           0x0108f6c8        0x0 d:/altera13.1/nios2eds/bin/gnu/h-i686-mingw32/bin/../lib/gcc/nios2-elf/4.7.3\libgcc.a(_fpcmp_parts_df.o)
 .bss           0x0108f6c8        0x0 ../DE1_SoC_ADC_bsp/\libhal_bsp.a(alt_close.o)
 .bss           0x0108f6c8        0x0 ../DE1_SoC_ADC_bsp/\libhal_bsp.a(alt_dev.o)
 .bss           0x0108f6c8        0x0 ../DE1_SoC_ADC_bsp/\libhal_bsp.a(alt_errno.o)
 .bss           0x0108f6c8        0x0 ../DE1_SoC_ADC_bsp/\libhal_bsp.a(alt_fstat.o)
 .bss           0x0108f6c8        0x0 ../DE1_SoC_ADC_bsp/\libhal_bsp.a(alt_isatty.o)
 .bss           0x0108f6c8        0x0 ../DE1_SoC_ADC_bsp/\libhal_bsp.a(alt_load.o)
 .bss           0x0108f6c8        0x0 ../DE1_SoC_ADC_bsp/\libhal_bsp.a(alt_lseek.o)
 .bss           0x0108f6c8        0x0 ../DE1_SoC_ADC_bsp/\libhal_bsp.a(alt_main.o)
 .bss           0x0108f6c8        0x0 ../DE1_SoC_ADC_bsp/\libhal_bsp.a(alt_malloc_lock.o)
 .bss           0x0108f6c8        0x0 ../DE1_SoC_ADC_bsp/\libhal_bsp.a(alt_read.o)
 .bss           0x0108f6c8        0x0 ../DE1_SoC_ADC_bsp/\libhal_bsp.a(alt_release_fd.o)
 .bss           0x0108f6c8        0x0 ../DE1_SoC_ADC_bsp/\libhal_bsp.a(alt_sbrk.o)
 .bss           0x0108f6c8        0x0 ../DE1_SoC_ADC_bsp/\libhal_bsp.a(alt_write.o)
 .bss           0x0108f6c8        0x0 ../DE1_SoC_ADC_bsp/\libhal_bsp.a(alt_sys_init.o)
 .bss           0x0108f6c8        0x0 ../DE1_SoC_ADC_bsp/\libhal_bsp.a(altera_avalon_jtag_uart_fd.o)
 .bss           0x0108f6c8        0x0 ../DE1_SoC_ADC_bsp/\libhal_bsp.a(altera_avalon_jtag_uart_init.o)
 .bss           0x0108f6c8        0x0 ../DE1_SoC_ADC_bsp/\libhal_bsp.a(altera_avalon_jtag_uart_ioctl.o)
 .bss           0x0108f6c8        0x0 ../DE1_SoC_ADC_bsp/\libhal_bsp.a(altera_avalon_jtag_uart_read.o)
 .bss           0x0108f6c8        0x0 ../DE1_SoC_ADC_bsp/\libhal_bsp.a(altera_avalon_jtag_uart_write.o)
 .bss           0x0108f6c8        0x0 ../DE1_SoC_ADC_bsp/\libhal_bsp.a(altera_avalon_timer_sc.o)
 .bss           0x0108f6c8        0x0 ../DE1_SoC_ADC_bsp/\libhal_bsp.a(alt_alarm_start.o)
 .bss           0x0108f6c8        0x0 ../DE1_SoC_ADC_bsp/\libhal_bsp.a(alt_dcache_flush_all.o)
 .bss           0x0108f6c8        0x0 ../DE1_SoC_ADC_bsp/\libhal_bsp.a(alt_dev_llist_insert.o)
 .bss           0x0108f6c8        0x0 ../DE1_SoC_ADC_bsp/\libhal_bsp.a(alt_do_ctors.o)
 .bss           0x0108f6c8        0x0 ../DE1_SoC_ADC_bsp/\libhal_bsp.a(alt_do_dtors.o)
 .bss           0x0108f6c8        0x0 ../DE1_SoC_ADC_bsp/\libhal_bsp.a(alt_icache_flush_all.o)
 .bss           0x0108f6c8        0x0 ../DE1_SoC_ADC_bsp/\libhal_bsp.a(alt_iic.o)
 .bss           0x0108f6c8        0x0 ../DE1_SoC_ADC_bsp/\libhal_bsp.a(alt_iic_isr_register.o)
 .bss           0x0108f6c8        0x0 ../DE1_SoC_ADC_bsp/\libhal_bsp.a(alt_io_redirect.o)
 .bss           0x0108f6c8        0x0 ../DE1_SoC_ADC_bsp/\libhal_bsp.a(alt_irq_entry.o)
 .bss           0x0108f6c8        0x0 ../DE1_SoC_ADC_bsp/\libhal_bsp.a(alt_irq_handler.o)
 .bss           0x0108f6c8        0x0 ../DE1_SoC_ADC_bsp/\libhal_bsp.a(alt_irq_vars.o)
 .bss           0x0108f6c8        0x0 ../DE1_SoC_ADC_bsp/\libhal_bsp.a(alt_open.o)
 .bss           0x0108f6c8        0x0 ../DE1_SoC_ADC_bsp/\libhal_bsp.a(alt_tick.o)
 .bss           0x0108f6c8        0x0 ../DE1_SoC_ADC_bsp/\libhal_bsp.a(altera_nios2_qsys_irq.o)
 .bss           0x0108f6c8        0x0 ../DE1_SoC_ADC_bsp/\libhal_bsp.a(alt_exception_entry.o)
 .bss           0x0108f6c8        0x0 ../DE1_SoC_ADC_bsp/\libhal_bsp.a(alt_find_dev.o)
 .bss           0x0108f6c8        0x0 ../DE1_SoC_ADC_bsp/\libhal_bsp.a(alt_find_file.o)
 .bss           0x0108f6c8        0x0 ../DE1_SoC_ADC_bsp/\libhal_bsp.a(alt_get_fd.o)
 .bss           0x0108f6c8        0x0 ../DE1_SoC_ADC_bsp/\libhal_bsp.a(alt_icache_flush.o)
 .bss           0x0108f6c8        0x0 d:/altera13.1/nios2eds/bin/gnu/h-i686-mingw32/bin/../lib/gcc/nios2-elf/4.7.3/../../../../../H-i686-mingw32/nios2-elf/lib\libc.a(lib_a-atexit.o)
 .bss           0x0108f6c8        0x0 d:/altera13.1/nios2eds/bin/gnu/h-i686-mingw32/bin/../lib/gcc/nios2-elf/4.7.3/../../../../../H-i686-mingw32/nios2-elf/lib\libc.a(lib_a-exit.o)
 .bss           0x0108f6c8        0x0 d:/altera13.1/nios2eds/bin/gnu/h-i686-mingw32/bin/../lib/gcc/nios2-elf/4.7.3/../../../../../H-i686-mingw32/nios2-elf/lib\libc.a(lib_a-memcmp.o)
 .bss           0x0108f6c8        0x0 d:/altera13.1/nios2eds/bin/gnu/h-i686-mingw32/bin/../lib/gcc/nios2-elf/4.7.3/../../../../../H-i686-mingw32/nios2-elf/lib\libc.a(lib_a-__atexit.o)
 .bss           0x0108f6c8        0x0 d:/altera13.1/nios2eds/bin/gnu/h-i686-mingw32/bin/../lib/gcc/nios2-elf/4.7.3/../../../../../H-i686-mingw32/nios2-elf/lib\libc.a(lib_a-__call_atexit.o)
 .bss           0x0108f6c8        0x0 ../DE1_SoC_ADC_bsp/\libhal_bsp.a(alt_exit.o)
 *(COMMON)
 COMMON         0x0108f6c8      0x100 ../DE1_SoC_ADC_bsp/\libhal_bsp.a(alt_irq_handler.o)
                0x0108f6c8                alt_irq
 COMMON         0x0108f7c8      0x190 d:/altera13.1/nios2eds/bin/gnu/h-i686-mingw32/bin/../lib/gcc/nios2-elf/4.7.3/../../../../../H-i686-mingw32/nios2-elf/lib\libc.a(lib_a-atexit.o)
                0x0108f7c8                _atexit0
                0x0108f958                . = ALIGN (0x4)
                0x0108f958                __bss_end = ABSOLUTE (.)

.onchip_memory2
                0x0108f958        0x0
                0x0108f958                PROVIDE (_alt_partition_onchip_memory2_start, ABSOLUTE (.))
 *(.onchip_memory2 .onchip_memory2. onchip_memory2.*)
                0x0108f958                . = ALIGN (0x4)
                0x0108f958                PROVIDE (_alt_partition_onchip_memory2_end, ABSOLUTE (.))
                0x0108f958                _end = ABSOLUTE (.)
                0x0108f958                end = ABSOLUTE (.)
                0x0108f958                __alt_stack_base = ABSOLUTE (.)
                0x0108f958                PROVIDE (_alt_partition_onchip_memory2_load_addr, LOADADDR (.onchip_memory2))

.stab
 *(.stab)

.stabstr
 *(.stabstr)

.stab.excl
 *(.stab.excl)

.stab.exclstr
 *(.stab.exclstr)

.stab.index
 *(.stab.index)

.stab.indexstr
 *(.stab.indexstr)

.comment        0x00000000       0x23
 *(.comment)
 .comment       0x00000000       0x23 obj/default/main.o
                                 0x24 (size before relaxing)
 .comment       0x00000000       0x24 d:/altera13.1/nios2eds/bin/gnu/h-i686-mingw32/bin/../lib/gcc/nios2-elf/4.7.3\libgcc.a(_mul_df.o)
 .comment       0x00000000       0x24 d:/altera13.1/nios2eds/bin/gnu/h-i686-mingw32/bin/../lib/gcc/nios2-elf/4.7.3\libgcc.a(_div_df.o)
 .comment       0x00000000       0x24 d:/altera13.1/nios2eds/bin/gnu/h-i686-mingw32/bin/../lib/gcc/nios2-elf/4.7.3\libgcc.a(_si_to_df.o)
 .comment       0x00000000       0x24 d:/altera13.1/nios2eds/bin/gnu/h-i686-mingw32/bin/../lib/gcc/nios2-elf/4.7.3\libgcc.a(_thenan_df.o)
 .comment       0x00000000       0x24 d:/altera13.1/nios2eds/bin/gnu/h-i686-mingw32/bin/../lib/gcc/nios2-elf/4.7.3\libgcc.a(_muldi3.o)
 .comment       0x00000000       0x24 d:/altera13.1/nios2eds/bin/gnu/h-i686-mingw32/bin/../lib/gcc/nios2-elf/4.7.3\libgcc.a(_clzsi2.o)
 .comment       0x00000000       0x24 d:/altera13.1/nios2eds/bin/gnu/h-i686-mingw32/bin/../lib/gcc/nios2-elf/4.7.3\libgcc.a(_pack_df.o)
 .comment       0x00000000       0x24 d:/altera13.1/nios2eds/bin/gnu/h-i686-mingw32/bin/../lib/gcc/nios2-elf/4.7.3\libgcc.a(_unpack_df.o)
 .comment       0x00000000       0x24 d:/altera13.1/nios2eds/bin/gnu/h-i686-mingw32/bin/../lib/gcc/nios2-elf/4.7.3\libgcc.a(_lshrdi3.o)
 .comment       0x00000000       0x24 d:/altera13.1/nios2eds/bin/gnu/h-i686-mingw32/bin/../lib/gcc/nios2-elf/4.7.3\libgcc.a(_ashldi3.o)
 .comment       0x00000000       0x24 d:/altera13.1/nios2eds/bin/gnu/h-i686-mingw32/bin/../lib/gcc/nios2-elf/4.7.3\libgcc.a(_clz.o)
 .comment       0x00000000       0x24 d:/altera13.1/nios2eds/bin/gnu/h-i686-mingw32/bin/../lib/gcc/nios2-elf/4.7.3/../../../../../H-i686-mingw32/nios2-elf/lib\libc.a(lib_a-printf.o)
 .comment       0x00000000       0x24 d:/altera13.1/nios2eds/bin/gnu/h-i686-mingw32/bin/../lib/gcc/nios2-elf/4.7.3/../../../../../H-i686-mingw32/nios2-elf/lib\libc.a(lib_a-puts.o)
 .comment       0x00000000       0x24 d:/altera13.1/nios2eds/bin/gnu/h-i686-mingw32/bin/../lib/gcc/nios2-elf/4.7.3/../../../../../H-i686-mingw32/nios2-elf/lib\libc.a(lib_a-strlen.o)
 .comment       0x00000000       0x24 d:/altera13.1/nios2eds/bin/gnu/h-i686-mingw32/bin/../lib/gcc/nios2-elf/4.7.3/../../../../../H-i686-mingw32/nios2-elf/lib\libc.a(lib_a-vfprintf.o)
 .comment       0x00000000       0x24 d:/altera13.1/nios2eds/bin/gnu/h-i686-mingw32/bin/../lib/gcc/nios2-elf/4.7.3/../../../../../H-i686-mingw32/nios2-elf/lib\libc.a(lib_a-wsetup.o)
 .comment       0x00000000       0x24 d:/altera13.1/nios2eds/bin/gnu/h-i686-mingw32/bin/../lib/gcc/nios2-elf/4.7.3/../../../../../H-i686-mingw32/nios2-elf/lib\libc.a(lib_a-dtoa.o)
 .comment       0x00000000       0x24 d:/altera13.1/nios2eds/bin/gnu/h-i686-mingw32/bin/../lib/gcc/nios2-elf/4.7.3/../../../../../H-i686-mingw32/nios2-elf/lib\libc.a(lib_a-fflush.o)
 .comment       0x00000000       0x24 d:/altera13.1/nios2eds/bin/gnu/h-i686-mingw32/bin/../lib/gcc/nios2-elf/4.7.3/../../../../../H-i686-mingw32/nios2-elf/lib\libc.a(lib_a-findfp.o)
 .comment       0x00000000       0x24 d:/altera13.1/nios2eds/bin/gnu/h-i686-mingw32/bin/../lib/gcc/nios2-elf/4.7.3/../../../../../H-i686-mingw32/nios2-elf/lib\libc.a(lib_a-freer.o)
 .comment       0x00000000       0x24 d:/altera13.1/nios2eds/bin/gnu/h-i686-mingw32/bin/../lib/gcc/nios2-elf/4.7.3/../../../../../H-i686-mingw32/nios2-elf/lib\libc.a(lib_a-fvwrite.o)
 .comment       0x00000000       0x24 d:/altera13.1/nios2eds/bin/gnu/h-i686-mingw32/bin/../lib/gcc/nios2-elf/4.7.3/../../../../../H-i686-mingw32/nios2-elf/lib\libc.a(lib_a-fwalk.o)
 .comment       0x00000000       0x24 d:/altera13.1/nios2eds/bin/gnu/h-i686-mingw32/bin/../lib/gcc/nios2-elf/4.7.3/../../../../../H-i686-mingw32/nios2-elf/lib\libc.a(lib_a-impure.o)
 .comment       0x00000000       0x24 d:/altera13.1/nios2eds/bin/gnu/h-i686-mingw32/bin/../lib/gcc/nios2-elf/4.7.3/../../../../../H-i686-mingw32/nios2-elf/lib\libc.a(lib_a-locale.o)
 .comment       0x00000000       0x24 d:/altera13.1/nios2eds/bin/gnu/h-i686-mingw32/bin/../lib/gcc/nios2-elf/4.7.3/../../../../../H-i686-mingw32/nios2-elf/lib\libc.a(lib_a-makebuf.o)
 .comment       0x00000000       0x24 d:/altera13.1/nios2eds/bin/gnu/h-i686-mingw32/bin/../lib/gcc/nios2-elf/4.7.3/../../../../../H-i686-mingw32/nios2-elf/lib\libc.a(lib_a-mallocr.o)
 .comment       0x00000000       0x24 d:/altera13.1/nios2eds/bin/gnu/h-i686-mingw32/bin/../lib/gcc/nios2-elf/4.7.3/../../../../../H-i686-mingw32/nios2-elf/lib\libc.a(lib_a-memchr.o)
 .comment       0x00000000       0x24 d:/altera13.1/nios2eds/bin/gnu/h-i686-mingw32/bin/../lib/gcc/nios2-elf/4.7.3/../../../../../H-i686-mingw32/nios2-elf/lib\libc.a(lib_a-memcpy.o)
 .comment       0x00000000       0x24 d:/altera13.1/nios2eds/bin/gnu/h-i686-mingw32/bin/../lib/gcc/nios2-elf/4.7.3/../../../../../H-i686-mingw32/nios2-elf/lib\libc.a(lib_a-memmove.o)
 .comment       0x00000000       0x24 d:/altera13.1/nios2eds/bin/gnu/h-i686-mingw32/bin/../lib/gcc/nios2-elf/4.7.3/../../../../../H-i686-mingw32/nios2-elf/lib\libc.a(lib_a-memset.o)
 .comment       0x00000000       0x24 d:/altera13.1/nios2eds/bin/gnu/h-i686-mingw32/bin/../lib/gcc/nios2-elf/4.7.3/../../../../../H-i686-mingw32/nios2-elf/lib\libc.a(lib_a-mprec.o)
 .comment       0x00000000       0x24 d:/altera13.1/nios2eds/bin/gnu/h-i686-mingw32/bin/../lib/gcc/nios2-elf/4.7.3/../../../../../H-i686-mingw32/nios2-elf/lib\libc.a(lib_a-reallocr.o)
 .comment       0x00000000       0x24 d:/altera13.1/nios2eds/bin/gnu/h-i686-mingw32/bin/../lib/gcc/nios2-elf/4.7.3/../../../../../H-i686-mingw32/nios2-elf/lib\libc.a(lib_a-s_isinfd.o)
 .comment       0x00000000       0x24 d:/altera13.1/nios2eds/bin/gnu/h-i686-mingw32/bin/../lib/gcc/nios2-elf/4.7.3/../../../../../H-i686-mingw32/nios2-elf/lib\libc.a(lib_a-s_isnand.o)
 .comment       0x00000000       0x24 d:/altera13.1/nios2eds/bin/gnu/h-i686-mingw32/bin/../lib/gcc/nios2-elf/4.7.3/../../../../../H-i686-mingw32/nios2-elf/lib\libc.a(lib_a-sbrkr.o)
 .comment       0x00000000       0x24 d:/altera13.1/nios2eds/bin/gnu/h-i686-mingw32/bin/../lib/gcc/nios2-elf/4.7.3/../../../../../H-i686-mingw32/nios2-elf/lib\libc.a(lib_a-stdio.o)
 .comment       0x00000000       0x24 d:/altera13.1/nios2eds/bin/gnu/h-i686-mingw32/bin/../lib/gcc/nios2-elf/4.7.3/../../../../../H-i686-mingw32/nios2-elf/lib\libc.a(lib_a-strcmp.o)
 .comment       0x00000000       0x24 d:/altera13.1/nios2eds/bin/gnu/h-i686-mingw32/bin/../lib/gcc/nios2-elf/4.7.3/../../../../../H-i686-mingw32/nios2-elf/lib\libc.a(lib_a-writer.o)
 .comment       0x00000000       0x24 d:/altera13.1/nios2eds/bin/gnu/h-i686-mingw32/bin/../lib/gcc/nios2-elf/4.7.3/../../../../../H-i686-mingw32/nios2-elf/lib\libc.a(lib_a-callocr.o)
 .comment       0x00000000       0x24 d:/altera13.1/nios2eds/bin/gnu/h-i686-mingw32/bin/../lib/gcc/nios2-elf/4.7.3/../../../../../H-i686-mingw32/nios2-elf/lib\libc.a(lib_a-closer.o)
 .comment       0x00000000       0x24 d:/altera13.1/nios2eds/bin/gnu/h-i686-mingw32/bin/../lib/gcc/nios2-elf/4.7.3/../../../../../H-i686-mingw32/nios2-elf/lib\libc.a(lib_a-fclose.o)
 .comment       0x00000000       0x24 d:/altera13.1/nios2eds/bin/gnu/h-i686-mingw32/bin/../lib/gcc/nios2-elf/4.7.3/../../../../../H-i686-mingw32/nios2-elf/lib\libc.a(lib_a-fstatr.o)
 .comment       0x00000000       0x24 d:/altera13.1/nios2eds/bin/gnu/h-i686-mingw32/bin/../lib/gcc/nios2-elf/4.7.3/../../../../../H-i686-mingw32/nios2-elf/lib\libc.a(lib_a-int_errno.o)
 .comment       0x00000000       0x24 d:/altera13.1/nios2eds/bin/gnu/h-i686-mingw32/bin/../lib/gcc/nios2-elf/4.7.3/../../../../../H-i686-mingw32/nios2-elf/lib\libc.a(lib_a-isattyr.o)
 .comment       0x00000000       0x24 d:/altera13.1/nios2eds/bin/gnu/h-i686-mingw32/bin/../lib/gcc/nios2-elf/4.7.3/../../../../../H-i686-mingw32/nios2-elf/lib\libc.a(lib_a-lseekr.o)
 .comment       0x00000000       0x24 d:/altera13.1/nios2eds/bin/gnu/h-i686-mingw32/bin/../lib/gcc/nios2-elf/4.7.3/../../../../../H-i686-mingw32/nios2-elf/lib\libc.a(lib_a-readr.o)
 .comment       0x00000000       0x24 d:/altera13.1/nios2eds/bin/gnu/h-i686-mingw32/bin/../lib/gcc/nios2-elf/4.7.3\libgcc.a(_udivdi3.o)
 .comment       0x00000000       0x24 d:/altera13.1/nios2eds/bin/gnu/h-i686-mingw32/bin/../lib/gcc/nios2-elf/4.7.3\libgcc.a(_umoddi3.o)
 .comment       0x00000000       0x24 d:/altera13.1/nios2eds/bin/gnu/h-i686-mingw32/bin/../lib/gcc/nios2-elf/4.7.3\libgcc.a(_addsub_df.o)
 .comment       0x00000000       0x24 d:/altera13.1/nios2eds/bin/gnu/h-i686-mingw32/bin/../lib/gcc/nios2-elf/4.7.3\libgcc.a(_eq_df.o)
 .comment       0x00000000       0x24 d:/altera13.1/nios2eds/bin/gnu/h-i686-mingw32/bin/../lib/gcc/nios2-elf/4.7.3\libgcc.a(_ne_df.o)
 .comment       0x00000000       0x24 d:/altera13.1/nios2eds/bin/gnu/h-i686-mingw32/bin/../lib/gcc/nios2-elf/4.7.3\libgcc.a(_gt_df.o)
 .comment       0x00000000       0x24 d:/altera13.1/nios2eds/bin/gnu/h-i686-mingw32/bin/../lib/gcc/nios2-elf/4.7.3\libgcc.a(_ge_df.o)
 .comment       0x00000000       0x24 d:/altera13.1/nios2eds/bin/gnu/h-i686-mingw32/bin/../lib/gcc/nios2-elf/4.7.3\libgcc.a(_lt_df.o)
 .comment       0x00000000       0x24 d:/altera13.1/nios2eds/bin/gnu/h-i686-mingw32/bin/../lib/gcc/nios2-elf/4.7.3\libgcc.a(_df_to_si.o)
 .comment       0x00000000       0x24 d:/altera13.1/nios2eds/bin/gnu/h-i686-mingw32/bin/../lib/gcc/nios2-elf/4.7.3\libgcc.a(_usi_to_df.o)
 .comment       0x00000000       0x24 d:/altera13.1/nios2eds/bin/gnu/h-i686-mingw32/bin/../lib/gcc/nios2-elf/4.7.3\libgcc.a(lib2-divmod.o)
 .comment       0x00000000       0x24 d:/altera13.1/nios2eds/bin/gnu/h-i686-mingw32/bin/../lib/gcc/nios2-elf/4.7.3\libgcc.a(_fpcmp_parts_df.o)
 .comment       0x00000000       0x24 ../DE1_SoC_ADC_bsp/\libhal_bsp.a(alt_close.o)
 .comment       0x00000000       0x24 ../DE1_SoC_ADC_bsp/\libhal_bsp.a(alt_dev.o)
 .comment       0x00000000       0x24 ../DE1_SoC_ADC_bsp/\libhal_bsp.a(alt_errno.o)
 .comment       0x00000000       0x24 ../DE1_SoC_ADC_bsp/\libhal_bsp.a(alt_fstat.o)
 .comment       0x00000000       0x24 ../DE1_SoC_ADC_bsp/\libhal_bsp.a(alt_isatty.o)
 .comment       0x00000000       0x24 ../DE1_SoC_ADC_bsp/\libhal_bsp.a(alt_load.o)
 .comment       0x00000000       0x24 ../DE1_SoC_ADC_bsp/\libhal_bsp.a(alt_lseek.o)
 .comment       0x00000000       0x24 ../DE1_SoC_ADC_bsp/\libhal_bsp.a(alt_main.o)
 .comment       0x00000000       0x24 ../DE1_SoC_ADC_bsp/\libhal_bsp.a(alt_malloc_lock.o)
 .comment       0x00000000       0x24 ../DE1_SoC_ADC_bsp/\libhal_bsp.a(alt_read.o)
 .comment       0x00000000       0x24 ../DE1_SoC_ADC_bsp/\libhal_bsp.a(alt_release_fd.o)
 .comment       0x00000000       0x24 ../DE1_SoC_ADC_bsp/\libhal_bsp.a(alt_sbrk.o)
 .comment       0x00000000       0x24 ../DE1_SoC_ADC_bsp/\libhal_bsp.a(alt_write.o)
 .comment       0x00000000       0x24 ../DE1_SoC_ADC_bsp/\libhal_bsp.a(alt_sys_init.o)
 .comment       0x00000000       0x24 ../DE1_SoC_ADC_bsp/\libhal_bsp.a(altera_avalon_jtag_uart_fd.o)
 .comment       0x00000000       0x24 ../DE1_SoC_ADC_bsp/\libhal_bsp.a(altera_avalon_jtag_uart_init.o)
 .comment       0x00000000       0x24 ../DE1_SoC_ADC_bsp/\libhal_bsp.a(altera_avalon_jtag_uart_ioctl.o)
 .comment       0x00000000       0x24 ../DE1_SoC_ADC_bsp/\libhal_bsp.a(altera_avalon_jtag_uart_read.o)
 .comment       0x00000000       0x24 ../DE1_SoC_ADC_bsp/\libhal_bsp.a(altera_avalon_jtag_uart_write.o)
 .comment       0x00000000       0x24 ../DE1_SoC_ADC_bsp/\libhal_bsp.a(altera_avalon_timer_sc.o)
 .comment       0x00000000       0x24 ../DE1_SoC_ADC_bsp/\libhal_bsp.a(alt_alarm_start.o)
 .comment       0x00000000       0x24 ../DE1_SoC_ADC_bsp/\libhal_bsp.a(alt_dcache_flush_all.o)
 .comment       0x00000000       0x24 ../DE1_SoC_ADC_bsp/\libhal_bsp.a(alt_dev_llist_insert.o)
 .comment       0x00000000       0x24 ../DE1_SoC_ADC_bsp/\libhal_bsp.a(alt_do_ctors.o)
 .comment       0x00000000       0x24 ../DE1_SoC_ADC_bsp/\libhal_bsp.a(alt_do_dtors.o)
 .comment       0x00000000       0x24 ../DE1_SoC_ADC_bsp/\libhal_bsp.a(alt_icache_flush_all.o)
 .comment       0x00000000       0x24 ../DE1_SoC_ADC_bsp/\libhal_bsp.a(alt_iic.o)
 .comment       0x00000000       0x24 ../DE1_SoC_ADC_bsp/\libhal_bsp.a(alt_iic_isr_register.o)
 .comment       0x00000000       0x24 ../DE1_SoC_ADC_bsp/\libhal_bsp.a(alt_io_redirect.o)
 .comment       0x00000000       0x24 ../DE1_SoC_ADC_bsp/\libhal_bsp.a(alt_irq_handler.o)
 .comment       0x00000000       0x24 ../DE1_SoC_ADC_bsp/\libhal_bsp.a(alt_irq_vars.o)
 .comment       0x00000000       0x24 ../DE1_SoC_ADC_bsp/\libhal_bsp.a(alt_open.o)
 .comment       0x00000000       0x24 ../DE1_SoC_ADC_bsp/\libhal_bsp.a(alt_tick.o)
 .comment       0x00000000       0x24 ../DE1_SoC_ADC_bsp/\libhal_bsp.a(altera_nios2_qsys_irq.o)
 .comment       0x00000000       0x24 ../DE1_SoC_ADC_bsp/\libhal_bsp.a(alt_find_dev.o)
 .comment       0x00000000       0x24 ../DE1_SoC_ADC_bsp/\libhal_bsp.a(alt_find_file.o)
 .comment       0x00000000       0x24 ../DE1_SoC_ADC_bsp/\libhal_bsp.a(alt_get_fd.o)
 .comment       0x00000000       0x24 ../DE1_SoC_ADC_bsp/\libhal_bsp.a(alt_icache_flush.o)
 .comment       0x00000000       0x24 d:/altera13.1/nios2eds/bin/gnu/h-i686-mingw32/bin/../lib/gcc/nios2-elf/4.7.3/../../../../../H-i686-mingw32/nios2-elf/lib\libc.a(lib_a-atexit.o)
 .comment       0x00000000       0x24 d:/altera13.1/nios2eds/bin/gnu/h-i686-mingw32/bin/../lib/gcc/nios2-elf/4.7.3/../../../../../H-i686-mingw32/nios2-elf/lib\libc.a(lib_a-exit.o)
 .comment       0x00000000       0x24 d:/altera13.1/nios2eds/bin/gnu/h-i686-mingw32/bin/../lib/gcc/nios2-elf/4.7.3/../../../../../H-i686-mingw32/nios2-elf/lib\libc.a(lib_a-memcmp.o)
 .comment       0x00000000       0x24 d:/altera13.1/nios2eds/bin/gnu/h-i686-mingw32/bin/../lib/gcc/nios2-elf/4.7.3/../../../../../H-i686-mingw32/nios2-elf/lib\libc.a(lib_a-__atexit.o)
 .comment       0x00000000       0x24 d:/altera13.1/nios2eds/bin/gnu/h-i686-mingw32/bin/../lib/gcc/nios2-elf/4.7.3/../../../../../H-i686-mingw32/nios2-elf/lib\libc.a(lib_a-__call_atexit.o)
 .comment       0x00000000       0x24 ../DE1_SoC_ADC_bsp/\libhal_bsp.a(alt_exit.o)

.debug
 *(.debug)

.line
 *(.line)

.debug_srcinfo
 *(.debug_srcinfo)

.debug_sfnames
 *(.debug_sfnames)

.debug_aranges  0x00000000      0xd40
 *(.debug_aranges)
 .debug_aranges
                0x00000000       0x28 ../DE1_SoC_ADC_bsp//obj/HAL/src/crt0.o
 .debug_aranges
                0x00000028       0x20 obj/default/main.o
 .debug_aranges
                0x00000048       0x20 d:/altera13.1/nios2eds/bin/gnu/h-i686-mingw32/bin/../lib/gcc/nios2-elf/4.7.3\libgcc.a(_mul_df.o)
 .debug_aranges
                0x00000068       0x20 d:/altera13.1/nios2eds/bin/gnu/h-i686-mingw32/bin/../lib/gcc/nios2-elf/4.7.3\libgcc.a(_div_df.o)
 .debug_aranges
                0x00000088       0x20 d:/altera13.1/nios2eds/bin/gnu/h-i686-mingw32/bin/../lib/gcc/nios2-elf/4.7.3\libgcc.a(_si_to_df.o)
 .debug_aranges
                0x000000a8       0x18 d:/altera13.1/nios2eds/bin/gnu/h-i686-mingw32/bin/../lib/gcc/nios2-elf/4.7.3\libgcc.a(_thenan_df.o)
 .debug_aranges
                0x000000c0       0x20 d:/altera13.1/nios2eds/bin/gnu/h-i686-mingw32/bin/../lib/gcc/nios2-elf/4.7.3\libgcc.a(_muldi3.o)
 .debug_aranges
                0x000000e0       0x20 d:/altera13.1/nios2eds/bin/gnu/h-i686-mingw32/bin/../lib/gcc/nios2-elf/4.7.3\libgcc.a(_clzsi2.o)
 .debug_aranges
                0x00000100       0x20 d:/altera13.1/nios2eds/bin/gnu/h-i686-mingw32/bin/../lib/gcc/nios2-elf/4.7.3\libgcc.a(_pack_df.o)
 .debug_aranges
                0x00000120       0x20 d:/altera13.1/nios2eds/bin/gnu/h-i686-mingw32/bin/../lib/gcc/nios2-elf/4.7.3\libgcc.a(_unpack_df.o)
 .debug_aranges
                0x00000140       0x20 d:/altera13.1/nios2eds/bin/gnu/h-i686-mingw32/bin/../lib/gcc/nios2-elf/4.7.3\libgcc.a(_lshrdi3.o)
 .debug_aranges
                0x00000160       0x20 d:/altera13.1/nios2eds/bin/gnu/h-i686-mingw32/bin/../lib/gcc/nios2-elf/4.7.3\libgcc.a(_ashldi3.o)
 .debug_aranges
                0x00000180       0x18 d:/altera13.1/nios2eds/bin/gnu/h-i686-mingw32/bin/../lib/gcc/nios2-elf/4.7.3\libgcc.a(_clz.o)
 .debug_aranges
                0x00000198       0x20 d:/altera13.1/nios2eds/bin/gnu/h-i686-mingw32/bin/../lib/gcc/nios2-elf/4.7.3/../../../../../H-i686-mingw32/nios2-elf/lib\libc.a(lib_a-printf.o)
 .debug_aranges
                0x000001b8       0x20 d:/altera13.1/nios2eds/bin/gnu/h-i686-mingw32/bin/../lib/gcc/nios2-elf/4.7.3/../../../../../H-i686-mingw32/nios2-elf/lib\libc.a(lib_a-puts.o)
 .debug_aranges
                0x000001d8       0x20 d:/altera13.1/nios2eds/bin/gnu/h-i686-mingw32/bin/../lib/gcc/nios2-elf/4.7.3/../../../../../H-i686-mingw32/nios2-elf/lib\libc.a(lib_a-strlen.o)
 .debug_aranges
                0x000001f8       0x20 d:/altera13.1/nios2eds/bin/gnu/h-i686-mingw32/bin/../lib/gcc/nios2-elf/4.7.3/../../../../../H-i686-mingw32/nios2-elf/lib\libc.a(lib_a-vfprintf.o)
 .debug_aranges
                0x00000218       0x20 d:/altera13.1/nios2eds/bin/gnu/h-i686-mingw32/bin/../lib/gcc/nios2-elf/4.7.3/../../../../../H-i686-mingw32/nios2-elf/lib\libc.a(lib_a-wsetup.o)
 .debug_aranges
                0x00000238       0x20 d:/altera13.1/nios2eds/bin/gnu/h-i686-mingw32/bin/../lib/gcc/nios2-elf/4.7.3/../../../../../H-i686-mingw32/nios2-elf/lib\libc.a(lib_a-dtoa.o)
 .debug_aranges
                0x00000258       0x20 d:/altera13.1/nios2eds/bin/gnu/h-i686-mingw32/bin/../lib/gcc/nios2-elf/4.7.3/../../../../../H-i686-mingw32/nios2-elf/lib\libc.a(lib_a-fflush.o)
 .debug_aranges
                0x00000278       0x20 d:/altera13.1/nios2eds/bin/gnu/h-i686-mingw32/bin/../lib/gcc/nios2-elf/4.7.3/../../../../../H-i686-mingw32/nios2-elf/lib\libc.a(lib_a-findfp.o)
 .debug_aranges
                0x00000298       0x20 d:/altera13.1/nios2eds/bin/gnu/h-i686-mingw32/bin/../lib/gcc/nios2-elf/4.7.3/../../../../../H-i686-mingw32/nios2-elf/lib\libc.a(lib_a-freer.o)
 .debug_aranges
                0x000002b8       0x20 d:/altera13.1/nios2eds/bin/gnu/h-i686-mingw32/bin/../lib/gcc/nios2-elf/4.7.3/../../../../../H-i686-mingw32/nios2-elf/lib\libc.a(lib_a-fvwrite.o)
 .debug_aranges
                0x000002d8       0x20 d:/altera13.1/nios2eds/bin/gnu/h-i686-mingw32/bin/../lib/gcc/nios2-elf/4.7.3/../../../../../H-i686-mingw32/nios2-elf/lib\libc.a(lib_a-fwalk.o)
 .debug_aranges
                0x000002f8       0x18 d:/altera13.1/nios2eds/bin/gnu/h-i686-mingw32/bin/../lib/gcc/nios2-elf/4.7.3/../../../../../H-i686-mingw32/nios2-elf/lib\libc.a(lib_a-impure.o)
 .debug_aranges
                0x00000310       0x20 d:/altera13.1/nios2eds/bin/gnu/h-i686-mingw32/bin/../lib/gcc/nios2-elf/4.7.3/../../../../../H-i686-mingw32/nios2-elf/lib\libc.a(lib_a-locale.o)
 .debug_aranges
                0x00000330       0x20 d:/altera13.1/nios2eds/bin/gnu/h-i686-mingw32/bin/../lib/gcc/nios2-elf/4.7.3/../../../../../H-i686-mingw32/nios2-elf/lib\libc.a(lib_a-makebuf.o)
 .debug_aranges
                0x00000350       0x20 d:/altera13.1/nios2eds/bin/gnu/h-i686-mingw32/bin/../lib/gcc/nios2-elf/4.7.3/../../../../../H-i686-mingw32/nios2-elf/lib\libc.a(lib_a-mallocr.o)
 .debug_aranges
                0x00000370       0x20 d:/altera13.1/nios2eds/bin/gnu/h-i686-mingw32/bin/../lib/gcc/nios2-elf/4.7.3/../../../../../H-i686-mingw32/nios2-elf/lib\libc.a(lib_a-memchr.o)
 .debug_aranges
                0x00000390       0x20 d:/altera13.1/nios2eds/bin/gnu/h-i686-mingw32/bin/../lib/gcc/nios2-elf/4.7.3/../../../../../H-i686-mingw32/nios2-elf/lib\libc.a(lib_a-memcpy.o)
 .debug_aranges
                0x000003b0       0x20 d:/altera13.1/nios2eds/bin/gnu/h-i686-mingw32/bin/../lib/gcc/nios2-elf/4.7.3/../../../../../H-i686-mingw32/nios2-elf/lib\libc.a(lib_a-memmove.o)
 .debug_aranges
                0x000003d0       0x20 d:/altera13.1/nios2eds/bin/gnu/h-i686-mingw32/bin/../lib/gcc/nios2-elf/4.7.3/../../../../../H-i686-mingw32/nios2-elf/lib\libc.a(lib_a-memset.o)
 .debug_aranges
                0x000003f0       0x20 d:/altera13.1/nios2eds/bin/gnu/h-i686-mingw32/bin/../lib/gcc/nios2-elf/4.7.3/../../../../../H-i686-mingw32/nios2-elf/lib\libc.a(lib_a-mprec.o)
 .debug_aranges
                0x00000410       0x20 d:/altera13.1/nios2eds/bin/gnu/h-i686-mingw32/bin/../lib/gcc/nios2-elf/4.7.3/../../../../../H-i686-mingw32/nios2-elf/lib\libc.a(lib_a-reallocr.o)
 .debug_aranges
                0x00000430       0x20 d:/altera13.1/nios2eds/bin/gnu/h-i686-mingw32/bin/../lib/gcc/nios2-elf/4.7.3/../../../../../H-i686-mingw32/nios2-elf/lib\libc.a(lib_a-s_isinfd.o)
 .debug_aranges
                0x00000450       0x20 d:/altera13.1/nios2eds/bin/gnu/h-i686-mingw32/bin/../lib/gcc/nios2-elf/4.7.3/../../../../../H-i686-mingw32/nios2-elf/lib\libc.a(lib_a-s_isnand.o)
 .debug_aranges
                0x00000470       0x20 d:/altera13.1/nios2eds/bin/gnu/h-i686-mingw32/bin/../lib/gcc/nios2-elf/4.7.3/../../../../../H-i686-mingw32/nios2-elf/lib\libc.a(lib_a-sbrkr.o)
 .debug_aranges
                0x00000490       0x20 d:/altera13.1/nios2eds/bin/gnu/h-i686-mingw32/bin/../lib/gcc/nios2-elf/4.7.3/../../../../../H-i686-mingw32/nios2-elf/lib\libc.a(lib_a-stdio.o)
 .debug_aranges
                0x000004b0       0x20 d:/altera13.1/nios2eds/bin/gnu/h-i686-mingw32/bin/../lib/gcc/nios2-elf/4.7.3/../../../../../H-i686-mingw32/nios2-elf/lib\libc.a(lib_a-strcmp.o)
 .debug_aranges
                0x000004d0       0x20 d:/altera13.1/nios2eds/bin/gnu/h-i686-mingw32/bin/../lib/gcc/nios2-elf/4.7.3/../../../../../H-i686-mingw32/nios2-elf/lib\libc.a(lib_a-writer.o)
 .debug_aranges
                0x000004f0       0x20 d:/altera13.1/nios2eds/bin/gnu/h-i686-mingw32/bin/../lib/gcc/nios2-elf/4.7.3/../../../../../H-i686-mingw32/nios2-elf/lib\libc.a(lib_a-callocr.o)
 .debug_aranges
                0x00000510       0x20 d:/altera13.1/nios2eds/bin/gnu/h-i686-mingw32/bin/../lib/gcc/nios2-elf/4.7.3/../../../../../H-i686-mingw32/nios2-elf/lib\libc.a(lib_a-closer.o)
 .debug_aranges
                0x00000530       0x20 d:/altera13.1/nios2eds/bin/gnu/h-i686-mingw32/bin/../lib/gcc/nios2-elf/4.7.3/../../../../../H-i686-mingw32/nios2-elf/lib\libc.a(lib_a-fclose.o)
 .debug_aranges
                0x00000550       0x20 d:/altera13.1/nios2eds/bin/gnu/h-i686-mingw32/bin/../lib/gcc/nios2-elf/4.7.3/../../../../../H-i686-mingw32/nios2-elf/lib\libc.a(lib_a-fstatr.o)
 .debug_aranges
                0x00000570       0x18 d:/altera13.1/nios2eds/bin/gnu/h-i686-mingw32/bin/../lib/gcc/nios2-elf/4.7.3/../../../../../H-i686-mingw32/nios2-elf/lib\libc.a(lib_a-int_errno.o)
 .debug_aranges
                0x00000588       0x20 d:/altera13.1/nios2eds/bin/gnu/h-i686-mingw32/bin/../lib/gcc/nios2-elf/4.7.3/../../../../../H-i686-mingw32/nios2-elf/lib\libc.a(lib_a-isattyr.o)
 .debug_aranges
                0x000005a8       0x20 d:/altera13.1/nios2eds/bin/gnu/h-i686-mingw32/bin/../lib/gcc/nios2-elf/4.7.3/../../../../../H-i686-mingw32/nios2-elf/lib\libc.a(lib_a-lseekr.o)
 .debug_aranges
                0x000005c8       0x20 d:/altera13.1/nios2eds/bin/gnu/h-i686-mingw32/bin/../lib/gcc/nios2-elf/4.7.3/../../../../../H-i686-mingw32/nios2-elf/lib\libc.a(lib_a-readr.o)
 .debug_aranges
                0x000005e8       0x20 d:/altera13.1/nios2eds/bin/gnu/h-i686-mingw32/bin/../lib/gcc/nios2-elf/4.7.3\libgcc.a(_udivdi3.o)
 .debug_aranges
                0x00000608       0x20 d:/altera13.1/nios2eds/bin/gnu/h-i686-mingw32/bin/../lib/gcc/nios2-elf/4.7.3\libgcc.a(_umoddi3.o)
 .debug_aranges
                0x00000628       0x20 d:/altera13.1/nios2eds/bin/gnu/h-i686-mingw32/bin/../lib/gcc/nios2-elf/4.7.3\libgcc.a(_addsub_df.o)
 .debug_aranges
                0x00000648       0x20 d:/altera13.1/nios2eds/bin/gnu/h-i686-mingw32/bin/../lib/gcc/nios2-elf/4.7.3\libgcc.a(_eq_df.o)
 .debug_aranges
                0x00000668       0x20 d:/altera13.1/nios2eds/bin/gnu/h-i686-mingw32/bin/../lib/gcc/nios2-elf/4.7.3\libgcc.a(_ne_df.o)
 .debug_aranges
                0x00000688       0x20 d:/altera13.1/nios2eds/bin/gnu/h-i686-mingw32/bin/../lib/gcc/nios2-elf/4.7.3\libgcc.a(_gt_df.o)
 .debug_aranges
                0x000006a8       0x20 d:/altera13.1/nios2eds/bin/gnu/h-i686-mingw32/bin/../lib/gcc/nios2-elf/4.7.3\libgcc.a(_ge_df.o)
 .debug_aranges
                0x000006c8       0x20 d:/altera13.1/nios2eds/bin/gnu/h-i686-mingw32/bin/../lib/gcc/nios2-elf/4.7.3\libgcc.a(_lt_df.o)
 .debug_aranges
                0x000006e8       0x20 d:/altera13.1/nios2eds/bin/gnu/h-i686-mingw32/bin/../lib/gcc/nios2-elf/4.7.3\libgcc.a(_df_to_si.o)
 .debug_aranges
                0x00000708       0x20 d:/altera13.1/nios2eds/bin/gnu/h-i686-mingw32/bin/../lib/gcc/nios2-elf/4.7.3\libgcc.a(_usi_to_df.o)
 .debug_aranges
                0x00000728       0x20 d:/altera13.1/nios2eds/bin/gnu/h-i686-mingw32/bin/../lib/gcc/nios2-elf/4.7.3\libgcc.a(lib2-divmod.o)
 .debug_aranges
                0x00000748       0x20 d:/altera13.1/nios2eds/bin/gnu/h-i686-mingw32/bin/../lib/gcc/nios2-elf/4.7.3\libgcc.a(_fpcmp_parts_df.o)
 .debug_aranges
                0x00000768       0x20 ../DE1_SoC_ADC_bsp/\libhal_bsp.a(alt_close.o)
 .debug_aranges
                0x00000788       0x20 ../DE1_SoC_ADC_bsp/\libhal_bsp.a(alt_dev.o)
 .debug_aranges
                0x000007a8       0x18 ../DE1_SoC_ADC_bsp/\libhal_bsp.a(alt_errno.o)
 .debug_aranges
                0x000007c0       0x20 ../DE1_SoC_ADC_bsp/\libhal_bsp.a(alt_fstat.o)
 .debug_aranges
                0x000007e0       0x20 ../DE1_SoC_ADC_bsp/\libhal_bsp.a(alt_isatty.o)
 .debug_aranges
                0x00000800       0x20 ../DE1_SoC_ADC_bsp/\libhal_bsp.a(alt_load.o)
 .debug_aranges
                0x00000820       0x20 ../DE1_SoC_ADC_bsp/\libhal_bsp.a(alt_lseek.o)
 .debug_aranges
                0x00000840       0x20 ../DE1_SoC_ADC_bsp/\libhal_bsp.a(alt_main.o)
 .debug_aranges
                0x00000860       0x20 ../DE1_SoC_ADC_bsp/\libhal_bsp.a(alt_malloc_lock.o)
 .debug_aranges
                0x00000880       0x20 ../DE1_SoC_ADC_bsp/\libhal_bsp.a(alt_read.o)
 .debug_aranges
                0x000008a0       0x20 ../DE1_SoC_ADC_bsp/\libhal_bsp.a(alt_release_fd.o)
 .debug_aranges
                0x000008c0       0x20 ../DE1_SoC_ADC_bsp/\libhal_bsp.a(alt_sbrk.o)
 .debug_aranges
                0x000008e0       0x20 ../DE1_SoC_ADC_bsp/\libhal_bsp.a(alt_write.o)
 .debug_aranges
                0x00000900       0x20 ../DE1_SoC_ADC_bsp/\libhal_bsp.a(alt_sys_init.o)
 .debug_aranges
                0x00000920       0x20 ../DE1_SoC_ADC_bsp/\libhal_bsp.a(altera_avalon_jtag_uart_fd.o)
 .debug_aranges
                0x00000940       0x20 ../DE1_SoC_ADC_bsp/\libhal_bsp.a(altera_avalon_jtag_uart_init.o)
 .debug_aranges
                0x00000960       0x20 ../DE1_SoC_ADC_bsp/\libhal_bsp.a(altera_avalon_jtag_uart_ioctl.o)
 .debug_aranges
                0x00000980       0x20 ../DE1_SoC_ADC_bsp/\libhal_bsp.a(altera_avalon_jtag_uart_read.o)
 .debug_aranges
                0x000009a0       0x20 ../DE1_SoC_ADC_bsp/\libhal_bsp.a(altera_avalon_jtag_uart_write.o)
 .debug_aranges
                0x000009c0       0x20 ../DE1_SoC_ADC_bsp/\libhal_bsp.a(altera_avalon_timer_sc.o)
 .debug_aranges
                0x000009e0       0x20 ../DE1_SoC_ADC_bsp/\libhal_bsp.a(alt_alarm_start.o)
 .debug_aranges
                0x00000a00       0x20 ../DE1_SoC_ADC_bsp/\libhal_bsp.a(alt_dcache_flush_all.o)
 .debug_aranges
                0x00000a20       0x20 ../DE1_SoC_ADC_bsp/\libhal_bsp.a(alt_dev_llist_insert.o)
 .debug_aranges
                0x00000a40       0x20 ../DE1_SoC_ADC_bsp/\libhal_bsp.a(alt_do_ctors.o)
 .debug_aranges
                0x00000a60       0x20 ../DE1_SoC_ADC_bsp/\libhal_bsp.a(alt_do_dtors.o)
 .debug_aranges
                0x00000a80       0x20 ../DE1_SoC_ADC_bsp/\libhal_bsp.a(alt_icache_flush_all.o)
 .debug_aranges
                0x00000aa0       0x20 ../DE1_SoC_ADC_bsp/\libhal_bsp.a(alt_iic.o)
 .debug_aranges
                0x00000ac0       0x20 ../DE1_SoC_ADC_bsp/\libhal_bsp.a(alt_iic_isr_register.o)