------------------------------------------------------------
TimeQuest Timing Analyzer Summary
------------------------------------------------------------

Type  : Slow 1100mV 85C Model Setup 'U0|altpll_0|altera_pll_i|general[0].gpll~PLL_OUTPUT_COUNTER|divclk'
Slack : 1.850
TNS   : 0.000

Type  : Slow 1100mV 85C Model Setup 'altera_reserved_tck'
Slack : 11.525
TNS   : 0.000

Type  : Slow 1100mV 85C Model Setup 'U0|altpll_0|altera_pll_i|general[1].gpll~PLL_OUTPUT_COUNTER|divclk'
Slack : 16.623
TNS   : 0.000

Type  : Slow 1100mV 85C Model Setup 'CLOCK_50'
Slack : 18.982
TNS   : 0.000

Type  : Slow 1100mV 85C Model Hold 'altera_reserved_tck'
Slack : 0.226
TNS   : 0.000

Type  : Slow 1100mV 85C Model Hold 'U0|altpll_0|altera_pll_i|general[0].gpll~PLL_OUTPUT_COUNTER|divclk'
Slack : 0.240
TNS   : 0.000

Type  : Slow 1100mV 85C Model Hold 'U0|altpll_0|altera_pll_i|general[1].gpll~PLL_OUTPUT_COUNTER|divclk'
Slack : 0.356
TNS   : 0.000

Type  : Slow 1100mV 85C Model Hold 'CLOCK_50'
Slack : 0.384
TNS   : 0.000

Type  : Slow 1100mV 85C Model Recovery 'U0|altpll_0|altera_pll_i|general[0].gpll~PLL_OUTPUT_COUNTER|divclk'
Slack : 4.192
TNS   : 0.000

Type  : Slow 1100mV 85C Model Recovery 'altera_reserved_tck'
Slack : 14.008
TNS   : 0.000

Type  : Slow 1100mV 85C Model Recovery 'U0|altpll_0|altera_pll_i|general[1].gpll~PLL_OUTPUT_COUNTER|divclk'
Slack : 19.288
TNS   : 0.000

Type  : Slow 1100mV 85C Model Removal 'altera_reserved_tck'
Slack : 0.888
TNS   : 0.000

Type  : Slow 1100mV 85C Model Removal 'U0|altpll_0|altera_pll_i|general[0].gpll~PLL_OUTPUT_COUNTER|divclk'
Slack : 2.368
TNS   : 0.000

Type  : Slow 1100mV 85C Model Removal 'U0|altpll_0|altera_pll_i|general[1].gpll~PLL_OUTPUT_COUNTER|divclk'
Slack : 2.785
TNS   : 0.000

Type  : Slow 1100mV 85C Model Minimum Pulse Width 'U0|altpll_0|altera_pll_i|general[0].gpll~FRACTIONAL_PLL|vcoph[0]'
Slack : 1.250
TNS   : 0.000

Type  : Slow 1100mV 85C Model Minimum Pulse Width 'U0|altpll_0|altera_pll_i|general[0].gpll~PLL_OUTPUT_COUNTER|divclk'
Slack : 3.770
TNS   : 0.000

Type  : Slow 1100mV 85C Model Minimum Pulse Width 'CLOCK_50'
Slack : 9.259
TNS   : 0.000

Type  : Slow 1100mV 85C Model Minimum Pulse Width 'U0|altpll_0|altera_pll_i|general[1].gpll~PLL_OUTPUT_COUNTER|divclk'
Slack : 11.285
TNS   : 0.000

Type  : Slow 1100mV 85C Model Minimum Pulse Width 'altera_reserved_tck'
Slack : 15.737
TNS   : 0.000

Type  : Slow 1100mV 0C Model Setup 'U0|altpll_0|altera_pll_i|general[0].gpll~PLL_OUTPUT_COUNTER|divclk'
Slack : 1.753
TNS   : 0.000

Type  : Slow 1100mV 0C Model Setup 'altera_reserved_tck'
Slack : 11.443
TNS   : 0.000

Type  : Slow 1100mV 0C Model Setup 'U0|altpll_0|altera_pll_i|general[1].gpll~PLL_OUTPUT_COUNTER|divclk'
Slack : 16.525
TNS   : 0.000

Type  : Slow 1100mV 0C Model Setup 'CLOCK_50'
Slack : 18.962
TNS   : 0.000

Type  : Slow 1100mV 0C Model Hold 'U0|altpll_0|altera_pll_i|general[0].gpll~PLL_OUTPUT_COUNTER|divclk'
Slack : 0.225
TNS   : 0.000

Type  : Slow 1100mV 0C Model Hold 'altera_reserved_tck'
Slack : 0.295
TNS   : 0.000

Type  : Slow 1100mV 0C Model Hold 'U0|altpll_0|altera_pll_i|general[1].gpll~PLL_OUTPUT_COUNTER|divclk'
Slack : 0.345
TNS   : 0.000

Type  : Slow 1100mV 0C Model Hold 'CLOCK_50'
Slack : 0.381
TNS   : 0.000

Type  : Slow 1100mV 0C Model Recovery 'U0|altpll_0|altera_pll_i|general[0].gpll~PLL_OUTPUT_COUNTER|divclk'
Slack : 4.230
TNS   : 0.000

Type  : Slow 1100mV 0C Model Recovery 'altera_reserved_tck'
Slack : 14.125
TNS   : 0.000

Type  : Slow 1100mV 0C Model Recovery 'U0|altpll_0|altera_pll_i|general[1].gpll~PLL_OUTPUT_COUNTER|divclk'
Slack : 19.311
TNS   : 0.000

Type  : Slow 1100mV 0C Model Removal 'altera_reserved_tck'
Slack : 0.851
TNS   : 0.000

Type  : Slow 1100mV 0C Model Removal 'U0|altpll_0|altera_pll_i|general[0].gpll~PLL_OUTPUT_COUNTER|divclk'
Slack : 2.355
TNS   : 0.000

Type  : Slow 1100mV 0C Model Removal 'U0|altpll_0|altera_pll_i|general[1].gpll~PLL_OUTPUT_COUNTER|divclk'
Slack : 2.779
TNS   : 0.000

Type  : Slow 1100mV 0C Model Minimum Pulse Width 'U0|altpll_0|altera_pll_i|general[0].gpll~FRACTIONAL_PLL|vcoph[0]'
Slack : 1.250
TNS   : 0.000

Type  : Slow 1100mV 0C Model Minimum Pulse Width 'U0|altpll_0|altera_pll_i|general[0].gpll~PLL_OUTPUT_COUNTER|divclk'
Slack : 3.750
TNS   : 0.000

Type  : Slow 1100mV 0C Model Minimum Pulse Width 'CLOCK_50'
Slack : 9.307
TNS   : 0.000

Type  : Slow 1100mV 0C Model Minimum Pulse Width 'U0|altpll_0|altera_pll_i|general[1].gpll~PLL_OUTPUT_COUNTER|divclk'
Slack : 11.262
TNS   : 0.000

Type  : Slow 1100mV 0C Model Minimum Pulse Width 'altera_reserved_tck'
Slack : 15.715
TNS   : 0.000

Type  : Fast 1100mV 85C Model Setup 'U0|altpll_0|altera_pll_i|general[0].gpll~PLL_OUTPUT_COUNTER|divclk'
Slack : 4.098
TNS   : 0.000

Type  : Fast 1100mV 85C Model Setup 'altera_reserved_tck'
Slack : 13.822
TNS   : 0.000

Type  : Fast 1100mV 85C Model Setup 'U0|altpll_0|altera_pll_i|general[1].gpll~PLL_OUTPUT_COUNTER|divclk'
Slack : 19.345
TNS   : 0.000

Type  : Fast 1100mV 85C Model Setup 'CLOCK_50'
Slack : 19.413
TNS   : 0.000

Type  : Fast 1100mV 85C Model Hold 'U0|altpll_0|altera_pll_i|general[0].gpll~PLL_OUTPUT_COUNTER|divclk'
Slack : 0.140
TNS   : 0.000

Type  : Fast 1100mV 85C Model Hold 'altera_reserved_tck'
Slack : 0.142
TNS   : 0.000

Type  : Fast 1100mV 85C Model Hold 'U0|altpll_0|altera_pll_i|general[1].gpll~PLL_OUTPUT_COUNTER|divclk'
Slack : 0.178
TNS   : 0.000

Type  : Fast 1100mV 85C Model Hold 'CLOCK_50'
Slack : 0.242
TNS   : 0.000

Type  : Fast 1100mV 85C Model Recovery 'U0|altpll_0|altera_pll_i|general[0].gpll~PLL_OUTPUT_COUNTER|divclk'
Slack : 6.910
TNS   : 0.000

Type  : Fast 1100mV 85C Model Recovery 'altera_reserved_tck'
Slack : 15.530
TNS   : 0.000

Type  : Fast 1100mV 85C Model Recovery 'U0|altpll_0|altera_pll_i|general[1].gpll~PLL_OUTPUT_COUNTER|divclk'
Slack : 21.864
TNS   : 0.000

Type  : Fast 1100mV 85C Model Removal 'altera_reserved_tck'
Slack : 0.497
TNS   : 0.000

Type  : Fast 1100mV 85C Model Removal 'U0|altpll_0|altera_pll_i|general[0].gpll~PLL_OUTPUT_COUNTER|divclk'
Slack : 1.362
TNS   : 0.000

Type  : Fast 1100mV 85C Model Removal 'U0|altpll_0|altera_pll_i|general[1].gpll~PLL_OUTPUT_COUNTER|divclk'
Slack : 1.618
TNS   : 0.000

Type  : Fast 1100mV 85C Model Minimum Pulse Width 'U0|altpll_0|altera_pll_i|general[0].gpll~FRACTIONAL_PLL|vcoph[0]'
Slack : 1.250
TNS   : 0.000

Type  : Fast 1100mV 85C Model Minimum Pulse Width 'U0|altpll_0|altera_pll_i|general[0].gpll~PLL_OUTPUT_COUNTER|divclk'
Slack : 3.884
TNS   : 0.000

Type  : Fast 1100mV 85C Model Minimum Pulse Width 'CLOCK_50'
Slack : 9.113
TNS   : 0.000

Type  : Fast 1100mV 85C Model Minimum Pulse Width 'U0|altpll_0|altera_pll_i|general[1].gpll~PLL_OUTPUT_COUNTER|divclk'
Slack : 11.391
TNS   : 0.000

Type  : Fast 1100mV 85C Model Minimum Pulse Width 'altera_reserved_tck'
Slack : 15.571
TNS   : 0.000

Type  : Fast 1100mV 0C Model Setup 'U0|altpll_0|altera_pll_i|general[0].gpll~PLL_OUTPUT_COUNTER|divclk'
Slack : 4.492
TNS   : 0.000

Type  : Fast 1100mV 0C Model Setup 'altera_reserved_tck'
Slack : 14.075
TNS   : 0.000

Type  : Fast 1100mV 0C Model Setup 'CLOCK_50'
Slack : 19.434
TNS   : 0.000

Type  : Fast 1100mV 0C Model Setup 'U0|altpll_0|altera_pll_i|general[1].gpll~PLL_OUTPUT_COUNTER|divclk'
Slack : 19.722
TNS   : 0.000

Type  : Fast 1100mV 0C Model Hold 'U0|altpll_0|altera_pll_i|general[0].gpll~PLL_OUTPUT_COUNTER|divclk'
Slack : 0.128
TNS   : 0.000

Type  : Fast 1100mV 0C Model Hold 'altera_reserved_tck'
Slack : 0.150
TNS   : 0.000

Type  : Fast 1100mV 0C Model Hold 'U0|altpll_0|altera_pll_i|general[1].gpll~PLL_OUTPUT_COUNTER|divclk'
Slack : 0.170
TNS   : 0.000

Type  : Fast 1100mV 0C Model Hold 'CLOCK_50'
Slack : 0.226
TNS   : 0.000

Type  : Fast 1100mV 0C Model Recovery 'U0|altpll_0|altera_pll_i|general[0].gpll~PLL_OUTPUT_COUNTER|divclk'
Slack : 6.960
TNS   : 0.000

Type  : Fast 1100mV 0C Model Recovery 'altera_reserved_tck'
Slack : 15.743
TNS   : 0.000

Type  : Fast 1100mV 0C Model Recovery 'U0|altpll_0|altera_pll_i|general[1].gpll~PLL_OUTPUT_COUNTER|divclk'
Slack : 21.922
TNS   : 0.000

Type  : Fast 1100mV 0C Model Removal 'altera_reserved_tck'
Slack : 0.456
TNS   : 0.000

Type  : Fast 1100mV 0C Model Removal 'U0|altpll_0|altera_pll_i|general[0].gpll~PLL_OUTPUT_COUNTER|divclk'
Slack : 1.314
TNS   : 0.000

Type  : Fast 1100mV 0C Model Removal 'U0|altpll_0|altera_pll_i|general[1].gpll~PLL_OUTPUT_COUNTER|divclk'
Slack : 1.559
TNS   : 0.000

Type  : Fast 1100mV 0C Model Minimum Pulse Width 'U0|altpll_0|altera_pll_i|general[0].gpll~FRACTIONAL_PLL|vcoph[0]'
Slack : 1.250
TNS   : 0.000

Type  : Fast 1100mV 0C Model Minimum Pulse Width 'U0|altpll_0|altera_pll_i|general[0].gpll~PLL_OUTPUT_COUNTER|divclk'
Slack : 3.884
TNS   : 0.000

Type  : Fast 1100mV 0C Model Minimum Pulse Width 'CLOCK_50'
Slack : 9.074
TNS   : 0.000

Type  : Fast 1100mV 0C Model Minimum Pulse Width 'U0|altpll_0|altera_pll_i|general[1].gpll~PLL_OUTPUT_COUNTER|divclk'
Slack : 11.390
TNS   : 0.000

Type  : Fast 1100mV 0C Model Minimum Pulse Width 'altera_reserved_tck'
Slack : 15.521
TNS   : 0.000

------------------------------------------------------------
